Archive member included to satisfy reference by file (symbol)

c:/users/tony/.platformio/packages/toolchain-gccarmnoneeabi@1.70201.0/bin/../lib/gcc/arm-none-eabi/7.2.1/thumb/v7-m\libgcc.a(_arm_addsubdf3.o)
                              .pio/build/BIGTREE_TFT35_V3_0_RELEASE/src/src/User/API/UI/GUI.o (__aeabi_dsub)
c:/users/tony/.platformio/packages/toolchain-gccarmnoneeabi@1.70201.0/bin/../lib/gcc/arm-none-eabi/7.2.1/thumb/v7-m\libgcc.a(_arm_muldivdf3.o)
                              .pio/build/BIGTREE_TFT35_V3_0_RELEASE/src/src/User/API/UI/GUI.o (__aeabi_dmul)
c:/users/tony/.platformio/packages/toolchain-gccarmnoneeabi@1.70201.0/bin/../lib/gcc/arm-none-eabi/7.2.1/thumb/v7-m\libgcc.a(_arm_cmpdf2.o)
                              .pio/build/BIGTREE_TFT35_V3_0_RELEASE/src/src/User/API/UI/Numpad.o (__aeabi_dcmpeq)
c:/users/tony/.platformio/packages/toolchain-gccarmnoneeabi@1.70201.0/bin/../lib/gcc/arm-none-eabi/7.2.1/thumb/v7-m\libgcc.a(_arm_fixdfsi.o)
                              .pio/build/BIGTREE_TFT35_V3_0_RELEASE/src/src/User/API/printf/printf.o (__aeabi_d2iz)
c:/users/tony/.platformio/packages/toolchain-gccarmnoneeabi@1.70201.0/bin/../lib/gcc/arm-none-eabi/7.2.1/thumb/v7-m\libgcc.a(_arm_fixunsdfsi.o)
                              .pio/build/BIGTREE_TFT35_V3_0_RELEASE/src/src/User/API/UI/GUI.o (__aeabi_d2uiz)
c:/users/tony/.platformio/packages/toolchain-gccarmnoneeabi@1.70201.0/bin/../lib/gcc/arm-none-eabi/7.2.1/thumb/v7-m\libgcc.a(_arm_truncdfsf2.o)
                              .pio/build/BIGTREE_TFT35_V3_0_RELEASE/src/src/User/API/UI/GUI.o (__aeabi_d2f)
c:/users/tony/.platformio/packages/toolchain-gccarmnoneeabi@1.70201.0/bin/../lib/gcc/arm-none-eabi/7.2.1/thumb/v7-m\libgcc.a(_arm_addsubsf3.o)
                              .pio/build/BIGTREE_TFT35_V3_0_RELEASE/src/src/User/API/AddonHardware.o (__aeabi_fsub)
c:/users/tony/.platformio/packages/toolchain-gccarmnoneeabi@1.70201.0/bin/../lib/gcc/arm-none-eabi/7.2.1/thumb/v7-m\libgcc.a(_arm_muldivsf3.o)
                              .pio/build/BIGTREE_TFT35_V3_0_RELEASE/src/src/User/API/BabystepControl.o (__aeabi_fmul)
c:/users/tony/.platformio/packages/toolchain-gccarmnoneeabi@1.70201.0/bin/../lib/gcc/arm-none-eabi/7.2.1/thumb/v7-m\libgcc.a(_arm_cmpsf2.o)
                              .pio/build/BIGTREE_TFT35_V3_0_RELEASE/src/src/User/API/BabystepControl.o (__aeabi_fcmpeq)
c:/users/tony/.platformio/packages/toolchain-gccarmnoneeabi@1.70201.0/bin/../lib/gcc/arm-none-eabi/7.2.1/thumb/v7-m\libgcc.a(_arm_fixsfsi.o)
                              .pio/build/BIGTREE_TFT35_V3_0_RELEASE/src/src/User/API/BabystepControl.o (__aeabi_f2iz)
c:/users/tony/.platformio/packages/toolchain-gccarmnoneeabi@1.70201.0/bin/../lib/gcc/arm-none-eabi/7.2.1/thumb/v7-m\libgcc.a(_arm_fixunssfsi.o)
                              .pio/build/BIGTREE_TFT35_V3_0_RELEASE/src/src/User/API/FanControl.o (__aeabi_f2uiz)
c:/users/tony/.platformio/packages/toolchain-gccarmnoneeabi@1.70201.0/bin/../lib/gcc/arm-none-eabi/7.2.1/../../../../arm-none-eabi/lib/thumb/v7-m\libm.a(lib_a-s_cos.o)
                              .pio/build/BIGTREE_TFT35_V3_0_RELEASE/src/src/User/API/UI/GUI.o (cos)
c:/users/tony/.platformio/packages/toolchain-gccarmnoneeabi@1.70201.0/bin/../lib/gcc/arm-none-eabi/7.2.1/../../../../arm-none-eabi/lib/thumb/v7-m\libm.a(lib_a-s_floor.o)
                              .pio/build/BIGTREE_TFT35_V3_0_RELEASE/src/src/User/API/UI/GUI.o (floor)
c:/users/tony/.platformio/packages/toolchain-gccarmnoneeabi@1.70201.0/bin/../lib/gcc/arm-none-eabi/7.2.1/../../../../arm-none-eabi/lib/thumb/v7-m\libm.a(lib_a-s_sin.o)
                              .pio/build/BIGTREE_TFT35_V3_0_RELEASE/src/src/User/API/UI/GUI.o (sin)
c:/users/tony/.platformio/packages/toolchain-gccarmnoneeabi@1.70201.0/bin/../lib/gcc/arm-none-eabi/7.2.1/../../../../arm-none-eabi/lib/thumb/v7-m\libm.a(lib_a-e_rem_pio2.o)
                              c:/users/tony/.platformio/packages/toolchain-gccarmnoneeabi@1.70201.0/bin/../lib/gcc/arm-none-eabi/7.2.1/../../../../arm-none-eabi/lib/thumb/v7-m\libm.a(lib_a-s_cos.o) (__ieee754_rem_pio2)
c:/users/tony/.platformio/packages/toolchain-gccarmnoneeabi@1.70201.0/bin/../lib/gcc/arm-none-eabi/7.2.1/../../../../arm-none-eabi/lib/thumb/v7-m\libm.a(lib_a-k_cos.o)
                              c:/users/tony/.platformio/packages/toolchain-gccarmnoneeabi@1.70201.0/bin/../lib/gcc/arm-none-eabi/7.2.1/../../../../arm-none-eabi/lib/thumb/v7-m\libm.a(lib_a-s_cos.o) (__kernel_cos)
c:/users/tony/.platformio/packages/toolchain-gccarmnoneeabi@1.70201.0/bin/../lib/gcc/arm-none-eabi/7.2.1/../../../../arm-none-eabi/lib/thumb/v7-m\libm.a(lib_a-k_rem_pio2.o)
                              c:/users/tony/.platformio/packages/toolchain-gccarmnoneeabi@1.70201.0/bin/../lib/gcc/arm-none-eabi/7.2.1/../../../../arm-none-eabi/lib/thumb/v7-m\libm.a(lib_a-e_rem_pio2.o) (__kernel_rem_pio2)
[...]
Memory Configuration

Name             Origin             Length             Attributes
RAM              0x20000000         0x00018000         xrw
FLASH            0x08008000         0x00038000         xr
*default*        0x00000000         0xffffffff

Linker script and memory map

LOAD c:/users/tony/.platformio/packages/toolchain-gccarmnoneeabi@1.70201.0/bin/../lib/gcc/arm-none-eabi/7.2.1/thumb/v7-m/crti.o
LOAD c:/users/tony/.platformio/packages/toolchain-gccarmnoneeabi@1.70201.0/bin/../lib/gcc/arm-none-eabi/7.2.1/thumb/v7-m/crtbegin.o
LOAD c:/users/tony/.platformio/packages/toolchain-gccarmnoneeabi@1.70201.0/bin/../lib/gcc/arm-none-eabi/7.2.1/../../../../arm-none-eabi/lib/thumb/v7-m/crt0.o
LOAD .pio/build/BIGTREE_TFT35_V3_0_RELEASE/FrameworkCMSIS/gcc/startup_stm32f207xx.o
LOAD .pio/build/BIGTREE_TFT35_V3_0_RELEASE/FrameworkCMSIS/system_stm32f2xx.o
LOAD .pio/build/BIGTREE_TFT35_V3_0_RELEASE/src/src/Libraries/cmsis/stm32f2xx/system_stm32f2xx.o
LOAD .pio/build/BIGTREE_TFT35_V3_0_RELEASE/src/src/Libraries/fwlib/stm32f2xx/src/misc.o
LOAD .pio/build/BIGTREE_TFT35_V3_0_RELEASE/src/src/Libraries/fwlib/stm32f2xx/src/stm32f2xx_adc.o
LOAD .pio/build/BIGTREE_TFT35_V3_0_RELEASE/src/src/Libraries/fwlib/stm32f2xx/src/stm32f2xx_can.o
LOAD .pio/build/BIGTREE_TFT35_V3_0_RELEASE/src/src/Libraries/fwlib/stm32f2xx/src/stm32f2xx_crc.o
LOAD .pio/build/BIGTREE_TFT35_V3_0_RELEASE/src/src/Libraries/fwlib/stm32f2xx/src/stm32f2xx_cryp.o
LOAD .pio/build/BIGTREE_TFT35_V3_0_RELEASE/src/src/Libraries/fwlib/stm32f2xx/src/stm32f2xx_cryp_aes.o
LOAD .pio/build/BIGTREE_TFT35_V3_0_RELEASE/src/src/Libraries/fwlib/stm32f2xx/src/stm32f2xx_cryp_des.o
LOAD .pio/build/BIGTREE_TFT35_V3_0_RELEASE/src/src/Libraries/fwlib/stm32f2xx/src/stm32f2xx_cryp_tdes.o
LOAD .pio/build/BIGTREE_TFT35_V3_0_RELEASE/src/src/Libraries/fwlib/stm32f2xx/src/stm32f2xx_dac.o
LOAD .pio/build/BIGTREE_TFT35_V3_0_RELEASE/src/src/Libraries/fwlib/stm32f2xx/src/stm32f2xx_dbgmcu.o
LOAD .pio/build/BIGTREE_TFT35_V3_0_RELEASE/src/src/Libraries/fwlib/stm32f2xx/src/stm32f2xx_dcmi.o
LOAD .pio/build/BIGTREE_TFT35_V3_0_RELEASE/src/src/Libraries/fwlib/stm32f2xx/src/stm32f2xx_dma.o
LOAD .pio/build/BIGTREE_TFT35_V3_0_RELEASE/src/src/Libraries/fwlib/stm32f2xx/src/stm32f2xx_exti.o
LOAD .pio/build/BIGTREE_TFT35_V3_0_RELEASE/src/src/Libraries/fwlib/stm32f2xx/src/stm32f2xx_flash.o
LOAD .pio/build/BIGTREE_TFT35_V3_0_RELEASE/src/src/Libraries/fwlib/stm32f2xx/src/stm32f2xx_fsmc.o
LOAD .pio/build/BIGTREE_TFT35_V3_0_RELEASE/src/src/Libraries/fwlib/stm32f2xx/src/stm32f2xx_gpio.o
LOAD .pio/build/BIGTREE_TFT35_V3_0_RELEASE/src/src/Libraries/fwlib/stm32f2xx/src/stm32f2xx_hash.o
LOAD .pio/build/BIGTREE_TFT35_V3_0_RELEASE/src/src/Libraries/fwlib/stm32f2xx/src/stm32f2xx_hash_md5.o
LOAD .pio/build/BIGTREE_TFT35_V3_0_RELEASE/src/src/Libraries/fwlib/stm32f2xx/src/stm32f2xx_hash_sha1.o
LOAD .pio/build/BIGTREE_TFT35_V3_0_RELEASE/src/src/Libraries/fwlib/stm32f2xx/src/stm32f2xx_i2c.o
LOAD .pio/build/BIGTREE_TFT35_V3_0_RELEASE/src/src/Libraries/fwlib/stm32f2xx/src/stm32f2xx_iwdg.o
LOAD .pio/build/BIGTREE_TFT35_V3_0_RELEASE/src/src/Libraries/fwlib/stm32f2xx/src/stm32f2xx_pwr.o
LOAD .pio/build/BIGTREE_TFT35_V3_0_RELEASE/src/src/Libraries/fwlib/stm32f2xx/src/stm32f2xx_rcc.o
LOAD .pio/build/BIGTREE_TFT35_V3_0_RELEASE/src/src/Libraries/fwlib/stm32f2xx/src/stm32f2xx_rng.o
LOAD .pio/build/BIGTREE_TFT35_V3_0_RELEASE/src/src/Libraries/fwlib/stm32f2xx/src/stm32f2xx_rtc.o
LOAD .pio/build/BIGTREE_TFT35_V3_0_RELEASE/src/src/Libraries/fwlib/stm32f2xx/src/stm32f2xx_sdio.o
LOAD .pio/build/BIGTREE_TFT35_V3_0_RELEASE/src/src/Libraries/fwlib/stm32f2xx/src/stm32f2xx_spi.o
LOAD .pio/build/BIGTREE_TFT35_V3_0_RELEASE/src/src/Libraries/fwlib/stm32f2xx/src/stm32f2xx_syscfg.o
LOAD .pio/build/BIGTREE_TFT35_V3_0_RELEASE/src/src/Libraries/fwlib/stm32f2xx/src/stm32f2xx_tim.o
LOAD .pio/build/BIGTREE_TFT35_V3_0_RELEASE/src/src/Libraries/fwlib/stm32f2xx/src/stm32f2xx_usart.o
LOAD .pio/build/BIGTREE_TFT35_V3_0_RELEASE/src/src/Libraries/fwlib/stm32f2xx/src/stm32f2xx_wwdg.o
LOAD .pio/build/BIGTREE_TFT35_V3_0_RELEASE/src/src/Libraries/json/JsonStreamingParser.o
LOAD .pio/build/BIGTREE_TFT35_V3_0_RELEASE/src/src/User/API/AddonHardware.o
LOAD .pio/build/BIGTREE_TFT35_V3_0_RELEASE/src/src/User/API/BabystepControl.o
LOAD .pio/build/BIGTREE_TFT35_V3_0_RELEASE/src/src/User/API/BuzzerControl.o
LOAD .pio/build/BIGTREE_TFT35_V3_0_RELEASE/src/src/User/API/CaseLightControl.o
LOAD .pio/build/BIGTREE_TFT35_V3_0_RELEASE/src/src/User/API/FanControl.o
LOAD .pio/build/BIGTREE_TFT35_V3_0_RELEASE/src/src/User/API/Gcode/gcode.o
LOAD .pio/build/BIGTREE_TFT35_V3_0_RELEASE/src/src/User/API/Gcode/mygcodefs.o
LOAD .pio/build/BIGTREE_TFT35_V3_0_RELEASE/src/src/User/API/HW_Init.o
LOAD .pio/build/BIGTREE_TFT35_V3_0_RELEASE/src/src/User/API/HomeOffsetControl.o
LOAD .pio/build/BIGTREE_TFT35_V3_0_RELEASE/src/src/User/API/LCD_Colors.o
LOAD .pio/build/BIGTREE_TFT35_V3_0_RELEASE/src/src/User/API/LCD_Dimming.o
LOAD .pio/build/BIGTREE_TFT35_V3_0_RELEASE/src/src/User/API/LED_Colors.o
LOAD .pio/build/BIGTREE_TFT35_V3_0_RELEASE/src/src/User/API/LED_Event.o
LOAD .pio/build/BIGTREE_TFT35_V3_0_RELEASE/src/src/User/API/Language/Language.o
LOAD .pio/build/BIGTREE_TFT35_V3_0_RELEASE/src/src/User/API/Language/utf8_decode.o
LOAD .pio/build/BIGTREE_TFT35_V3_0_RELEASE/src/src/User/API/LevelingControl.o
LOAD .pio/build/BIGTREE_TFT35_V3_0_RELEASE/src/src/User/API/MachineParameters.o
LOAD .pio/build/BIGTREE_TFT35_V3_0_RELEASE/src/src/User/API/ModeSwitching.o
LOAD .pio/build/BIGTREE_TFT35_V3_0_RELEASE/src/src/User/API/Notification.o
LOAD .pio/build/BIGTREE_TFT35_V3_0_RELEASE/src/src/User/API/PowerFailed.o
LOAD .pio/build/BIGTREE_TFT35_V3_0_RELEASE/src/src/User/API/Printing.o
LOAD .pio/build/BIGTREE_TFT35_V3_0_RELEASE/src/src/User/API/ProbeHeightControl.o
LOAD .pio/build/BIGTREE_TFT35_V3_0_RELEASE/src/src/User/API/ProbeOffsetControl.o
LOAD .pio/build/BIGTREE_TFT35_V3_0_RELEASE/src/src/User/API/RRFM20Parser.o
LOAD .pio/build/BIGTREE_TFT35_V3_0_RELEASE/src/src/User/API/RRFParseACK.o
LOAD .pio/build/BIGTREE_TFT35_V3_0_RELEASE/src/src/User/API/RRFSendCmd.o
LOAD .pio/build/BIGTREE_TFT35_V3_0_RELEASE/src/src/User/API/RRFStatusControl.o
LOAD .pio/build/BIGTREE_TFT35_V3_0_RELEASE/src/src/User/API/ScreenShot.o
LOAD .pio/build/BIGTREE_TFT35_V3_0_RELEASE/src/src/User/API/SerialConnection.o
LOAD .pio/build/BIGTREE_TFT35_V3_0_RELEASE/src/src/User/API/Settings.o
LOAD .pio/build/BIGTREE_TFT35_V3_0_RELEASE/src/src/User/API/SpeedControl.o
LOAD .pio/build/BIGTREE_TFT35_V3_0_RELEASE/src/src/User/API/SpindleControl.o
LOAD .pio/build/BIGTREE_TFT35_V3_0_RELEASE/src/src/User/API/Temperature.o
LOAD .pio/build/BIGTREE_TFT35_V3_0_RELEASE/src/src/User/API/Touch_Encoder.o
LOAD .pio/build/BIGTREE_TFT35_V3_0_RELEASE/src/src/User/API/UI/CharIcon.o
LOAD .pio/build/BIGTREE_TFT35_V3_0_RELEASE/src/src/User/API/UI/GUI.o
LOAD .pio/build/BIGTREE_TFT35_V3_0_RELEASE/src/src/User/API/UI/HD44780_Emulator.o
LOAD .pio/build/BIGTREE_TFT35_V3_0_RELEASE/src/src/User/API/UI/ListItem.o
LOAD .pio/build/BIGTREE_TFT35_V3_0_RELEASE/src/src/User/API/UI/ListManager.o
LOAD .pio/build/BIGTREE_TFT35_V3_0_RELEASE/src/src/User/API/UI/Numpad.o
LOAD .pio/build/BIGTREE_TFT35_V3_0_RELEASE/src/src/User/API/UI/ST7920_Emulator.o
LOAD .pio/build/BIGTREE_TFT35_V3_0_RELEASE/src/src/User/API/UI/TouchProcess.o
LOAD .pio/build/BIGTREE_TFT35_V3_0_RELEASE/src/src/User/API/UI/ui_draw.o
LOAD .pio/build/BIGTREE_TFT35_V3_0_RELEASE/src/src/User/API/Vfs/vfs.o
LOAD .pio/build/BIGTREE_TFT35_V3_0_RELEASE/src/src/User/API/boot.o
LOAD .pio/build/BIGTREE_TFT35_V3_0_RELEASE/src/src/User/API/comment.o
LOAD .pio/build/BIGTREE_TFT35_V3_0_RELEASE/src/src/User/API/config.o
LOAD .pio/build/BIGTREE_TFT35_V3_0_RELEASE/src/src/User/API/coordinate.o
LOAD .pio/build/BIGTREE_TFT35_V3_0_RELEASE/src/src/User/API/flashStore.o
LOAD .pio/build/BIGTREE_TFT35_V3_0_RELEASE/src/src/User/API/interfaceCmd.o
LOAD .pio/build/BIGTREE_TFT35_V3_0_RELEASE/src/src/User/API/menu.o
LOAD .pio/build/BIGTREE_TFT35_V3_0_RELEASE/src/src/User/API/parseACK.o
LOAD .pio/build/BIGTREE_TFT35_V3_0_RELEASE/src/src/User/API/printf/printf.o
LOAD .pio/build/BIGTREE_TFT35_V3_0_RELEASE/src/src/User/Fatfs/diskio.o
LOAD .pio/build/BIGTREE_TFT35_V3_0_RELEASE/src/src/User/Fatfs/ff.o
LOAD .pio/build/BIGTREE_TFT35_V3_0_RELEASE/src/src/User/Fatfs/ffsystem.o
LOAD .pio/build/BIGTREE_TFT35_V3_0_RELEASE/src/src/User/Fatfs/ffunicode.o
LOAD .pio/build/BIGTREE_TFT35_V3_0_RELEASE/src/src/User/Fatfs/myfatfs.o
LOAD .pio/build/BIGTREE_TFT35_V3_0_RELEASE/src/src/User/Hal/HD44780.o
LOAD .pio/build/BIGTREE_TFT35_V3_0_RELEASE/src/src/User/Hal/Knob_LED.o
LOAD .pio/build/BIGTREE_TFT35_V3_0_RELEASE/src/src/User/Hal/LCD_Driver/HX8558.o
LOAD .pio/build/BIGTREE_TFT35_V3_0_RELEASE/src/src/User/Hal/LCD_Driver/ILI9325.o
LOAD .pio/build/BIGTREE_TFT35_V3_0_RELEASE/src/src/User/Hal/LCD_Driver/ILI9341.o
LOAD .pio/build/BIGTREE_TFT35_V3_0_RELEASE/src/src/User/Hal/LCD_Driver/ILI9488.o
LOAD .pio/build/BIGTREE_TFT35_V3_0_RELEASE/src/src/User/Hal/LCD_Driver/NT35310.o
LOAD .pio/build/BIGTREE_TFT35_V3_0_RELEASE/src/src/User/Hal/LCD_Driver/RM68042.o
LOAD .pio/build/BIGTREE_TFT35_V3_0_RELEASE/src/src/User/Hal/LCD_Driver/SSD1963.o
LOAD .pio/build/BIGTREE_TFT35_V3_0_RELEASE/src/src/User/Hal/LCD_Driver/ST7789.o
LOAD .pio/build/BIGTREE_TFT35_V3_0_RELEASE/src/src/User/Hal/LCD_Driver/ST7796S.o
LOAD .pio/build/BIGTREE_TFT35_V3_0_RELEASE/src/src/User/Hal/LCD_Encoder.o
LOAD .pio/build/BIGTREE_TFT35_V3_0_RELEASE/src/src/User/Hal/LCD_Init.o
LOAD .pio/build/BIGTREE_TFT35_V3_0_RELEASE/src/src/User/Hal/STM32_USB_HOST_Library/Class/MSC/src/usbh_msc_bot.o
LOAD .pio/build/BIGTREE_TFT35_V3_0_RELEASE/src/src/User/Hal/STM32_USB_HOST_Library/Class/MSC/src/usbh_msc_core.o
LOAD .pio/build/BIGTREE_TFT35_V3_0_RELEASE/src/src/User/Hal/STM32_USB_HOST_Library/Class/MSC/src/usbh_msc_scsi.o
LOAD .pio/build/BIGTREE_TFT35_V3_0_RELEASE/src/src/User/Hal/STM32_USB_HOST_Library/Core/src/usbh_core.o
LOAD .pio/build/BIGTREE_TFT35_V3_0_RELEASE/src/src/User/Hal/STM32_USB_HOST_Library/Core/src/usbh_hcs.o
LOAD .pio/build/BIGTREE_TFT35_V3_0_RELEASE/src/src/User/Hal/STM32_USB_HOST_Library/Core/src/usbh_ioreq.o
LOAD .pio/build/BIGTREE_TFT35_V3_0_RELEASE/src/src/User/Hal/STM32_USB_HOST_Library/Core/src/usbh_stdreq.o
LOAD .pio/build/BIGTREE_TFT35_V3_0_RELEASE/src/src/User/Hal/STM32_USB_HOST_Library/Usr/src/usb_bsp.o
LOAD .pio/build/BIGTREE_TFT35_V3_0_RELEASE/src/src/User/Hal/STM32_USB_HOST_Library/Usr/src/usbh_usr.o
LOAD .pio/build/BIGTREE_TFT35_V3_0_RELEASE/src/src/User/Hal/STM32_USB_OTG_Driver/src/usb_core.o
LOAD .pio/build/BIGTREE_TFT35_V3_0_RELEASE/src/src/User/Hal/STM32_USB_OTG_Driver/src/usb_hcd.o
LOAD .pio/build/BIGTREE_TFT35_V3_0_RELEASE/src/src/User/Hal/STM32_USB_OTG_Driver/src/usb_hcd_int.o
LOAD .pio/build/BIGTREE_TFT35_V3_0_RELEASE/src/src/User/Hal/buzzer.o
LOAD .pio/build/BIGTREE_TFT35_V3_0_RELEASE/src/src/User/Hal/sd.o
LOAD .pio/build/BIGTREE_TFT35_V3_0_RELEASE/src/src/User/Hal/stm32f2_f4xx/GPIO_Init.o
LOAD .pio/build/BIGTREE_TFT35_V3_0_RELEASE/src/src/User/Hal/stm32f2_f4xx/HAL_Flash.o
LOAD .pio/build/BIGTREE_TFT35_V3_0_RELEASE/src/src/User/Hal/stm32f2_f4xx/Serial.o
LOAD .pio/build/BIGTREE_TFT35_V3_0_RELEASE/src/src/User/Hal/stm32f2_f4xx/i2c_eeprom.o
LOAD .pio/build/BIGTREE_TFT35_V3_0_RELEASE/src/src/User/Hal/stm32f2_f4xx/lcd.o
LOAD .pio/build/BIGTREE_TFT35_V3_0_RELEASE/src/src/User/Hal/stm32f2_f4xx/lcd_dma.o
LOAD .pio/build/BIGTREE_TFT35_V3_0_RELEASE/src/src/User/Hal/stm32f2_f4xx/sdio_sdcard.o
LOAD .pio/build/BIGTREE_TFT35_V3_0_RELEASE/src/src/User/Hal/stm32f2_f4xx/spi.o
LOAD .pio/build/BIGTREE_TFT35_V3_0_RELEASE/src/src/User/Hal/stm32f2_f4xx/spi_slave.o
LOAD .pio/build/BIGTREE_TFT35_V3_0_RELEASE/src/src/User/Hal/stm32f2_f4xx/timer_pwm.o
LOAD .pio/build/BIGTREE_TFT35_V3_0_RELEASE/src/src/User/Hal/stm32f2_f4xx/uart.o
LOAD .pio/build/BIGTREE_TFT35_V3_0_RELEASE/src/src/User/Hal/sw_spi.o
LOAD .pio/build/BIGTREE_TFT35_V3_0_RELEASE/src/src/User/Hal/w25qxx.o
LOAD .pio/build/BIGTREE_TFT35_V3_0_RELEASE/src/src/User/Hal/xpt2046.o
LOAD .pio/build/BIGTREE_TFT35_V3_0_RELEASE/src/src/User/Menu/ABL.o
LOAD .pio/build/BIGTREE_TFT35_V3_0_RELEASE/src/src/User/Menu/BLTouch.o
LOAD .pio/build/BIGTREE_TFT35_V3_0_RELEASE/src/src/User/Menu/Babystep.o
LOAD .pio/build/BIGTREE_TFT35_V3_0_RELEASE/src/src/User/Menu/CaseLight.o
LOAD .pio/build/BIGTREE_TFT35_V3_0_RELEASE/src/src/User/Menu/ConnectionSettings.o
LOAD .pio/build/BIGTREE_TFT35_V3_0_RELEASE/src/src/User/Menu/Fan.o
LOAD .pio/build/BIGTREE_TFT35_V3_0_RELEASE/src/src/User/Menu/FeatureSettings.o
LOAD .pio/build/BIGTREE_TFT35_V3_0_RELEASE/src/src/User/Menu/Home.o
LOAD .pio/build/BIGTREE_TFT35_V3_0_RELEASE/src/src/User/Menu/LEDColor.o
LOAD .pio/build/BIGTREE_TFT35_V3_0_RELEASE/src/src/User/Menu/Laser.o
LOAD .pio/build/BIGTREE_TFT35_V3_0_RELEASE/src/src/User/Menu/LoadUnload.o
LOAD .pio/build/BIGTREE_TFT35_V3_0_RELEASE/src/src/User/Menu/MBL.o
LOAD .pio/build/BIGTREE_TFT35_V3_0_RELEASE/src/src/User/Menu/MachineSettings.o
LOAD .pio/build/BIGTREE_TFT35_V3_0_RELEASE/src/src/User/Menu/MainPage.o
LOAD .pio/build/BIGTREE_TFT35_V3_0_RELEASE/src/src/User/Menu/MarlinMode.o
LOAD .pio/build/BIGTREE_TFT35_V3_0_RELEASE/src/src/User/Menu/MeshValid.o
LOAD .pio/build/BIGTREE_TFT35_V3_0_RELEASE/src/src/User/Menu/More.o
LOAD .pio/build/BIGTREE_TFT35_V3_0_RELEASE/src/src/User/Menu/More2.o
LOAD .pio/build/BIGTREE_TFT35_V3_0_RELEASE/src/src/User/Menu/Move.o
LOAD .pio/build/BIGTREE_TFT35_V3_0_RELEASE/src/src/User/Menu/NotificationMenu.o
LOAD .pio/build/BIGTREE_TFT35_V3_0_RELEASE/src/src/User/Menu/ParameterSettings.o
LOAD .pio/build/BIGTREE_TFT35_V3_0_RELEASE/src/src/User/Menu/PersistentInfo.o
LOAD .pio/build/BIGTREE_TFT35_V3_0_RELEASE/src/src/User/Menu/Popup.o
LOAD .pio/build/BIGTREE_TFT35_V3_0_RELEASE/src/src/User/Menu/PreheatMenu.o
LOAD .pio/build/BIGTREE_TFT35_V3_0_RELEASE/src/src/User/Menu/Print.o
LOAD .pio/build/BIGTREE_TFT35_V3_0_RELEASE/src/src/User/Menu/PrintRestore.o
LOAD .pio/build/BIGTREE_TFT35_V3_0_RELEASE/src/src/User/Menu/PrintingMenu.o
LOAD .pio/build/BIGTREE_TFT35_V3_0_RELEASE/src/src/User/Menu/ProbeStock.o
LOAD .pio/build/BIGTREE_TFT35_V3_0_RELEASE/src/src/User/Menu/RRFMacros.o
LOAD .pio/build/BIGTREE_TFT35_V3_0_RELEASE/src/src/User/Menu/ScreenSettings.o
LOAD .pio/build/BIGTREE_TFT35_V3_0_RELEASE/src/src/User/Menu/SelectMode.o
LOAD .pio/build/BIGTREE_TFT35_V3_0_RELEASE/src/src/User/Menu/SettingsMenu.o
LOAD .pio/build/BIGTREE_TFT35_V3_0_RELEASE/src/src/User/Menu/Speed.o
LOAD .pio/build/BIGTREE_TFT35_V3_0_RELEASE/src/src/User/Menu/Spindle.o
LOAD .pio/build/BIGTREE_TFT35_V3_0_RELEASE/src/src/User/Menu/StatusScreen.o
LOAD .pio/build/BIGTREE_TFT35_V3_0_RELEASE/src/src/User/Menu/Terminal.o
LOAD .pio/build/BIGTREE_TFT35_V3_0_RELEASE/src/src/User/Menu/Touchmi.o
LOAD .pio/build/BIGTREE_TFT35_V3_0_RELEASE/src/src/User/Menu/Tuning.o
LOAD .pio/build/BIGTREE_TFT35_V3_0_RELEASE/src/src/User/Menu/UnifiedHeat.o
LOAD .pio/build/BIGTREE_TFT35_V3_0_RELEASE/src/src/User/Menu/UnifiedMove.o
LOAD .pio/build/BIGTREE_TFT35_V3_0_RELEASE/src/src/User/Menu/Vacuum.o
LOAD .pio/build/BIGTREE_TFT35_V3_0_RELEASE/src/src/User/Menu/ZOffset.o
LOAD .pio/build/BIGTREE_TFT35_V3_0_RELEASE/src/src/User/Menu/common.o
LOAD .pio/build/BIGTREE_TFT35_V3_0_RELEASE/src/src/User/Menu/vfd.o
LOAD .pio/build/BIGTREE_TFT35_V3_0_RELEASE/src/src/User/SanityCheck.o
LOAD .pio/build/BIGTREE_TFT35_V3_0_RELEASE/src/src/User/delay.o
LOAD .pio/build/BIGTREE_TFT35_V3_0_RELEASE/src/src/User/main.o
LOAD .pio/build/BIGTREE_TFT35_V3_0_RELEASE/src/src/User/my_misc.o
LOAD .pio/build/BIGTREE_TFT35_V3_0_RELEASE/src/src/User/os_timer.o
START GROUP
LOAD c:/users/tony/.platformio/packages/toolchain-gccarmnoneeabi@1.70201.0/bin/../lib/gcc/arm-none-eabi/7.2.1/thumb/v7-m\libgcc.a
LOAD c:/users/tony/.platformio/packages/toolchain-gccarmnoneeabi@1.70201.0/bin/../lib/gcc/arm-none-eabi/7.2.1/../../../../arm-none-eabi/lib/thumb/v7-m\libstdc++_nano.a
END GROUP
LOAD c:/users/tony/.platformio/packages/toolchain-gccarmnoneeabi@1.70201.0/bin/../lib/gcc/arm-none-eabi/7.2.1/../../../../arm-none-eabi/lib/thumb/v7-m\libstdc++_nano.a
LOAD c:/users/tony/.platformio/packages/toolchain-gccarmnoneeabi@1.70201.0/bin/../lib/gcc/arm-none-eabi/7.2.1/../../../../arm-none-eabi/lib/thumb/v7-m\libm.a
LOAD c:/users/tony/.platformio/packages/toolchain-gccarmnoneeabi@1.70201.0/bin/../lib/gcc/arm-none-eabi/7.2.1/../../../../arm-none-eabi/lib/thumb/v7-m\libc_nano.a
START GROUP
LOAD c:/users/tony/.platformio/packages/toolchain-gccarmnoneeabi@1.70201.0/bin/../lib/gcc/arm-none-eabi/7.2.1/thumb/v7-m\libgcc.a
LOAD c:/users/tony/.platformio/packages/toolchain-gccarmnoneeabi@1.70201.0/bin/../lib/gcc/arm-none-eabi/7.2.1/../../../../arm-none-eabi/lib/thumb/v7-m\libc_nano.a
END GROUP
START GROUP
LOAD c:/users/tony/.platformio/packages/toolchain-gccarmnoneeabi@1.70201.0/bin/../lib/gcc/arm-none-eabi/7.2.1/thumb/v7-m\libgcc.a
LOAD c:/users/tony/.platformio/packages/toolchain-gccarmnoneeabi@1.70201.0/bin/../lib/gcc/arm-none-eabi/7.2.1/../../../../arm-none-eabi/lib/thumb/v7-m\libc_nano.a
LOAD c:/users/tony/.platformio/packages/toolchain-gccarmnoneeabi@1.70201.0/bin/../lib/gcc/arm-none-eabi/7.2.1/../../../../arm-none-eabi/lib/thumb/v7-m\libnosys.a
END GROUP
START GROUP
LOAD c:/users/tony/.platformio/packages/toolchain-gccarmnoneeabi@1.70201.0/bin/../lib/gcc/arm-none-eabi/7.2.1/thumb/v7-m\libgcc.a
LOAD c:/users/tony/.platformio/packages/toolchain-gccarmnoneeabi@1.70201.0/bin/../lib/gcc/arm-none-eabi/7.2.1/../../../../arm-none-eabi/lib/thumb/v7-m\libc_nano.a
LOAD c:/users/tony/.platformio/packages/toolchain-gccarmnoneeabi@1.70201.0/bin/../lib/gcc/arm-none-eabi/7.2.1/../../../../arm-none-eabi/lib/thumb/v7-m\libnosys.a
END GROUP
LOAD c:/users/tony/.platformio/packages/toolchain-gccarmnoneeabi@1.70201.0/bin/../lib/gcc/arm-none-eabi/7.2.1/thumb/v7-m/crtend.o
LOAD c:/users/tony/.platformio/packages/toolchain-gccarmnoneeabi@1.70201.0/bin/../lib/gcc/arm-none-eabi/7.2.1/thumb/v7-m/crtn.o
                0x00005000                _Min_Heap_Size = 0x5000
                0x00001000                _Min_Stack_Size = 0x1000
                0x20017ff0                _estack = ALIGN (((ORIGIN (RAM) + LENGTH (RAM)) - 0x10), 0x8)

.isr_vector     0x08008000      0x184
                0x08008000                . = ALIGN (0x4)
 *(.isr_vector)
 .isr_vector    0x08008000      0x184 .pio/build/BIGTREE_TFT35_V3_0_RELEASE/FrameworkCMSIS/gcc/startup_stm32f207xx.o
                0x08008000                g_pfnVectors
                0x08008184                . = ALIGN (0x4)

.text           0x08008188    0x20764
                0x08008188                . = ALIGN (0x4)
 *(.text)
 .text          0x08008188       0x40 c:/users/tony/.platformio/packages/toolchain-gccarmnoneeabi@1.70201.0/bin/../lib/gcc/arm-none-eabi/7.2.1/thumb/v7-m/crtbegin.o
 .text          0x080081c8      0x378 c:/users/tony/.platformio/packages/toolchain-gccarmnoneeabi@1.70201.0/bin/../lib/gcc/arm-none-eabi/7.2.1/thumb/v7-m\libgcc.a(_arm_addsubdf3.o)
                0x080081c8                __aeabi_drsub
                0x080081d0                __aeabi_dsub
                0x080081d0                __subdf3
                0x080081d4                __aeabi_dadd
                0x080081d4                __adddf3
                0x0800844c                __floatunsidf
                0x0800844c                __aeabi_ui2d
                0x0800846c                __floatsidf
                0x0800846c                __aeabi_i2d
                0x08008490                __aeabi_f2d
                0x08008490                __extendsfdf2
                0x080084d4                __floatundidf
                0x080084d4                __aeabi_ul2d
                0x080084e4                __floatdidf
                0x080084e4                __aeabi_l2d
 .text          0x08008540      0x424 c:/users/tony/.platformio/packages/toolchain-gccarmnoneeabi@1.70201.0/bin/../lib/gcc/arm-none-eabi/7.2.1/thumb/v7-m\libgcc.a(_arm_muldivdf3.o)
                0x08008540                __aeabi_dmul
                0x08008540                __muldf3
                0x08008794                __divdf3
                0x08008794                __aeabi_ddiv
 .text          0x08008964      0x110 c:/users/tony/.platformio/packages/toolchain-gccarmnoneeabi@1.70201.0/bin/../lib/gcc/arm-none-eabi/7.2.1/thumb/v7-m\libgcc.a(_arm_cmpdf2.o)
                0x08008964                __gtdf2
                0x08008964                __gedf2
                0x0800896c                __ltdf2
                0x0800896c                __ledf2
                0x08008974                __nedf2
                0x08008974                __eqdf2
                0x08008974                __cmpdf2
                0x080089f0                __aeabi_cdrcmple
                0x08008a00                __aeabi_cdcmpeq
                0x08008a00                __aeabi_cdcmple
                0x08008a10                __aeabi_dcmpeq
                0x08008a24                __aeabi_dcmplt
                0x08008a38                __aeabi_dcmple
                0x08008a4c                __aeabi_dcmpge
                0x08008a60                __aeabi_dcmpgt
 .text          0x08008a74       0x50 c:/users/tony/.platformio/packages/toolchain-gccarmnoneeabi@1.70201.0/bin/../lib/gcc/arm-none-eabi/7.2.1/thumb/v7-m\libgcc.a(_arm_fixdfsi.o)
                0x08008a74                __aeabi_d2iz
                0x08008a74                __fixdfsi
 .text          0x08008ac4       0x40 c:/users/tony/.platformio/packages/toolchain-gccarmnoneeabi@1.70201.0/bin/../lib/gcc/arm-none-eabi/7.2.1/thumb/v7-m\libgcc.a(_arm_fixunsdfsi.o)
                0x08008ac4                __aeabi_d2uiz
                0x08008ac4                __fixunsdfsi
 .text          0x08008b04       0xa0 c:/users/tony/.platformio/packages/toolchain-gccarmnoneeabi@1.70201.0/bin/../lib/gcc/arm-none-eabi/7.2.1/thumb/v7-m\libgcc.a(_arm_truncdfsf2.o)
                0x08008b04                __truncdfsf2
                0x08008b04                __aeabi_d2f
 .text          0x08008ba4      0x21c c:/users/tony/.platformio/packages/toolchain-gccarmnoneeabi@1.70201.0/bin/../lib/gcc/arm-none-eabi/7.2.1/thumb/v7-m\libgcc.a(_arm_addsubsf3.o)
                0x08008ba4                __aeabi_frsub
                0x08008bac                __subsf3
                0x08008bac                __aeabi_fsub
                0x08008bb0                __aeabi_fadd
                0x08008bb0                __addsf3
                0x08008d10                __aeabi_ui2f
                0x08008d10                __floatunsisf
                0x08008d18                __aeabi_i2f
                0x08008d18                __floatsisf
                0x08008d34                __aeabi_ul2f
                0x08008d34                __floatundisf
                0x08008d44                __aeabi_l2f
                0x08008d44                __floatdisf
 .text          0x08008dc0      0x2a0 c:/users/tony/.platformio/packages/toolchain-gccarmnoneeabi@1.70201.0/bin/../lib/gcc/arm-none-eabi/7.2.1/thumb/v7-m\libgcc.a(_arm_muldivsf3.o)
                0x08008dc0                __mulsf3
                0x08008dc0                __aeabi_fmul
                0x08008f28                __aeabi_fdiv
                0x08008f28                __divsf3
 .text          0x08009060       0xec c:/users/tony/.platformio/packages/toolchain-gccarmnoneeabi@1.70201.0/bin/../lib/gcc/arm-none-eabi/7.2.1/thumb/v7-m\libgcc.a(_arm_cmpsf2.o)
                0x08009060                __gesf2
                0x08009060                __gtsf2
                0x08009068                __lesf2
                0x08009068                __ltsf2
                0x08009070                __nesf2
                0x08009070                __eqsf2
                0x08009070                __cmpsf2
                0x080090d0                __aeabi_cfrcmple
                0x080090d8                __aeabi_cfcmpeq
                0x080090d8                __aeabi_cfcmple
                0x080090e8                __aeabi_fcmpeq
                0x080090fc                __aeabi_fcmplt
                0x08009110                __aeabi_fcmple
                0x08009124                __aeabi_fcmpge
                0x08009138                __aeabi_fcmpgt
 .text          0x0800914c       0x4c c:/users/tony/.platformio/packages/toolchain-gccarmnoneeabi@1.70201.0/bin/../lib/gcc/arm-none-eabi/7.2.1/thumb/v7-m\libgcc.a(_arm_fixsfsi.o)
                0x0800914c                __aeabi_f2iz
                0x0800914c                __fixsfsi
 .text          0x08009198       0x40 c:/users/tony/.platformio/packages/toolchain-gccarmnoneeabi@1.70201.0/bin/../lib/gcc/arm-none-eabi/7.2.1/thumb/v7-m\libgcc.a(_arm_fixunssfsi.o)
                0x08009198                __fixunssfsi
                0x08009198                __aeabi_f2uiz
 .text          0x080091d8       0x14 c:/users/tony/.platformio/packages/toolchain-gccarmnoneeabi@1.70201.0/bin/../lib/gcc/arm-none-eabi/7.2.1/../../../../arm-none-eabi/lib/thumb/v7-m\libc_nano.a(lib_a-strcmp.o)
                0x080091d8                strcmp
 .text          0x080091ec       0x10 c:/users/tony/.platformio/packages/toolchain-gccarmnoneeabi@1.70201.0/bin/../lib/gcc/arm-none-eabi/7.2.1/../../../../arm-none-eabi/lib/thumb/v7-m\libc_nano.a(lib_a-strlen.o)
                0x080091ec                strlen
 *(.text*)
 .text.Reset_Handler
                0x080091fc       0x50 .pio/build/BIGTREE_TFT35_V3_0_RELEASE/FrameworkCMSIS/gcc/startup_stm32f207xx.o
                0x080091fc                Reset_Handler
 .text.Default_Handler
                0x0800924c        0x2 .pio/build/BIGTREE_TFT35_V3_0_RELEASE/FrameworkCMSIS/gcc/startup_stm32f207xx.o
                0x0800924c                RTC_Alarm_IRQHandler
                0x0800924c                HASH_RNG_IRQHandler
                0x0800924c                EXTI2_IRQHandler
                0x0800924c                TIM8_CC_IRQHandler
                0x0800924c                DebugMon_Handler
                0x0800924c                TIM1_CC_IRQHandler
                0x0800924c                DMA2_Stream5_IRQHandler
                0x0800924c                HardFault_Handler
                0x0800924c                DMA1_Stream5_IRQHandler
                0x0800924c                SysTick_Handler
                0x0800924c                PVD_IRQHandler
                0x0800924c                SDIO_IRQHandler
                0x0800924c                TAMP_STAMP_IRQHandler
                0x0800924c                PendSV_Handler
                0x0800924c                NMI_Handler
                0x0800924c                CAN2_RX1_IRQHandler
                0x0800924c                EXTI3_IRQHandler
                0x0800924c                TIM8_TRG_COM_TIM14_IRQHandler
                0x0800924c                TIM1_UP_TIM10_IRQHandler
                0x0800924c                TIM8_UP_TIM13_IRQHandler
                0x0800924c                I2C3_ER_IRQHandler
                0x0800924c                EXTI0_IRQHandler
                0x0800924c                I2C2_EV_IRQHandler
                0x0800924c                DMA1_Stream2_IRQHandler
                0x0800924c                CAN1_RX0_IRQHandler
                0x0800924c                OTG_HS_WKUP_IRQHandler
                0x0800924c                UsageFault_Handler
                0x0800924c                CAN2_SCE_IRQHandler
                0x0800924c                DMA2_Stream2_IRQHandler
                0x0800924c                SPI1_IRQHandler
                0x0800924c                TIM6_DAC_IRQHandler
                0x0800924c                TIM1_BRK_TIM9_IRQHandler
                0x0800924c                DCMI_IRQHandler
                0x0800924c                CAN2_RX0_IRQHandler
                0x0800924c                DMA2_Stream3_IRQHandler
                0x0800924c                CAN1_RX1_IRQHandler
                0x0800924c                DMA2_Stream0_IRQHandler
                0x0800924c                TIM4_IRQHandler
                0x0800924c                I2C1_EV_IRQHandler
                0x0800924c                DMA1_Stream6_IRQHandler
                0x0800924c                DMA1_Stream1_IRQHandler
                0x0800924c                RCC_IRQHandler
                0x0800924c                TIM8_BRK_TIM12_IRQHandler
                0x0800924c                Default_Handler
                0x0800924c                ADC_IRQHandler
                0x0800924c                DMA1_Stream7_IRQHandler
                0x0800924c                CAN2_TX_IRQHandler
                0x0800924c                TIM5_IRQHandler
                0x0800924c                DMA2_Stream7_IRQHandler
                0x0800924c                I2C3_EV_IRQHandler
                0x0800924c                EXTI9_5_IRQHandler
                0x0800924c                RTC_WKUP_IRQHandler
                0x0800924c                ETH_WKUP_IRQHandler
                0x0800924c                OTG_HS_EP1_IN_IRQHandler
                0x0800924c                MemManage_Handler
                0x0800924c                DMA1_Stream0_IRQHandler
                0x0800924c                CAN1_TX_IRQHandler
                0x0800924c                SVC_Handler
                0x0800924c                EXTI4_IRQHandler
                0x0800924c                FSMC_IRQHandler
                0x0800924c                ETH_IRQHandler
                0x0800924c                OTG_HS_EP1_OUT_IRQHandler
                0x0800924c                WWDG_IRQHandler
                0x0800924c                TIM2_IRQHandler
                0x0800924c                OTG_FS_WKUP_IRQHandler
                0x0800924c                TIM1_TRG_COM_TIM11_IRQHandler
                0x0800924c                OTG_HS_IRQHandler
                0x0800924c                EXTI1_IRQHandler
                0x0800924c                I2C2_ER_IRQHandler
                0x0800924c                DMA2_Stream1_IRQHandler
                0x0800924c                CAN1_SCE_IRQHandler
                0x0800924c                FLASH_IRQHandler
                0x0800924c                DMA2_Stream4_IRQHandler
                0x0800924c                BusFault_Handler
                0x0800924c                SPI3_IRQHandler
                0x0800924c                DMA1_Stream4_IRQHandler
                0x0800924c                I2C1_ER_IRQHandler
                0x0800924c                DMA2_Stream6_IRQHandler
                0x0800924c                DMA1_Stream3_IRQHandler
 *fill*         0x0800924e        0x2 
 .text.SystemInit
                0x08009250       0x40 .pio/build/BIGTREE_TFT35_V3_0_RELEASE/FrameworkCMSIS/system_stm32f2xx.o
                0x08009250                SystemInit
 .text.SystemClockInit
                0x08009290       0xf8 .pio/build/BIGTREE_TFT35_V3_0_RELEASE/src/src/Libraries/cmsis/stm32f2xx/system_stm32f2xx.o
                0x08009290                SystemClockInit
 .text.NVIC_PriorityGroupConfig
                0x08009388       0x14 .pio/build/BIGTREE_TFT35_V3_0_RELEASE/src/src/Libraries/fwlib/stm32f2xx/src/misc.o
                0x08009388                NVIC_PriorityGroupConfig
 .text.NVIC_Init
                0x0800939c       0x58 .pio/build/BIGTREE_TFT35_V3_0_RELEASE/src/src/Libraries/fwlib/stm32f2xx/src/misc.o
                0x0800939c                NVIC_Init
 .text.EXTI_Init
                0x080093f4       0x68 .pio/build/BIGTREE_TFT35_V3_0_RELEASE/src/src/Libraries/fwlib/stm32f2xx/src/stm32f2xx_exti.o
                0x080093f4                EXTI_Init
 .text.FLASH_Unlock
                0x0800945c       0x1c .pio/build/BIGTREE_TFT35_V3_0_RELEASE/src/src/Libraries/fwlib/stm32f2xx/src/stm32f2xx_flash.o
                0x0800945c                FLASH_Unlock
 .text.FLASH_Lock
                0x08009478       0x10 .pio/build/BIGTREE_TFT35_V3_0_RELEASE/src/src/Libraries/fwlib/stm32f2xx/src/stm32f2xx_flash.o
                0x08009478                FLASH_Lock
 .text.FLASH_GetStatus
                0x08009488       0x34 .pio/build/BIGTREE_TFT35_V3_0_RELEASE/src/src/Libraries/fwlib/stm32f2xx/src/stm32f2xx_flash.o
                0x08009488                FLASH_GetStatus
 .text.FLASH_WaitForLastOperation
                0x080094bc       0x22 .pio/build/BIGTREE_TFT35_V3_0_RELEASE/src/src/Libraries/fwlib/stm32f2xx/src/stm32f2xx_flash.o
                0x080094bc                FLASH_WaitForLastOperation
 *fill*         0x080094de        0x2 
 .text.FLASH_EraseSector
                0x080094e0       0x6c .pio/build/BIGTREE_TFT35_V3_0_RELEASE/src/src/Libraries/fwlib/stm32f2xx/src/stm32f2xx_flash.o
                0x080094e0                FLASH_EraseSector
 .text.FLASH_ProgramByte
                0x0800954c       0x38 .pio/build/BIGTREE_TFT35_V3_0_RELEASE/src/src/Libraries/fwlib/stm32f2xx/src/stm32f2xx_flash.o
                0x0800954c                FLASH_ProgramByte
 .text.FSMC_NORSRAMInit
                0x08009584       0xb4 .pio/build/BIGTREE_TFT35_V3_0_RELEASE/src/src/Libraries/fwlib/stm32f2xx/src/stm32f2xx_fsmc.o
                0x08009584                FSMC_NORSRAMInit
 .text.FSMC_NORSRAMCmd
                0x08009638       0x20 .pio/build/BIGTREE_TFT35_V3_0_RELEASE/src/src/Libraries/fwlib/stm32f2xx/src/stm32f2xx_fsmc.o
                0x08009638                FSMC_NORSRAMCmd
 .text.GPIO_Init
                0x08009658       0x9c .pio/build/BIGTREE_TFT35_V3_0_RELEASE/src/src/Libraries/fwlib/stm32f2xx/src/stm32f2xx_gpio.o
                0x08009658                GPIO_Init
 .text.GPIO_PinAFConfig
                0x080096f4       0x24 .pio/build/BIGTREE_TFT35_V3_0_RELEASE/src/src/Libraries/fwlib/stm32f2xx/src/stm32f2xx_gpio.o
                0x080096f4                GPIO_PinAFConfig
 .text.RCC_GetClocksFreq
                0x08009718       0x88 .pio/build/BIGTREE_TFT35_V3_0_RELEASE/src/src/Libraries/fwlib/stm32f2xx/src/stm32f2xx_rcc.o
                0x08009718                RCC_GetClocksFreq
 .text.RCC_AHB1PeriphClockCmd
                0x080097a0       0x18 .pio/build/BIGTREE_TFT35_V3_0_RELEASE/src/src/Libraries/fwlib/stm32f2xx/src/stm32f2xx_rcc.o
                0x080097a0                RCC_AHB1PeriphClockCmd
 .text.RCC_AHB2PeriphClockCmd
                0x080097b8       0x18 .pio/build/BIGTREE_TFT35_V3_0_RELEASE/src/src/Libraries/fwlib/stm32f2xx/src/stm32f2xx_rcc.o
                0x080097b8                RCC_AHB2PeriphClockCmd
 .text.RCC_AHB3PeriphClockCmd
                0x080097d0       0x18 .pio/build/BIGTREE_TFT35_V3_0_RELEASE/src/src/Libraries/fwlib/stm32f2xx/src/stm32f2xx_rcc.o
                0x080097d0                RCC_AHB3PeriphClockCmd
 .text.RCC_APB1PeriphClockCmd
                0x080097e8       0x18 .pio/build/BIGTREE_TFT35_V3_0_RELEASE/src/src/Libraries/fwlib/stm32f2xx/src/stm32f2xx_rcc.o
                0x080097e8                RCC_APB1PeriphClockCmd
 .text.RCC_APB2PeriphClockCmd
                0x08009800       0x18 .pio/build/BIGTREE_TFT35_V3_0_RELEASE/src/src/Libraries/fwlib/stm32f2xx/src/stm32f2xx_rcc.o
                0x08009800                RCC_APB2PeriphClockCmd
 .text.RCC_APB1PeriphResetCmd
                0x08009818       0x18 .pio/build/BIGTREE_TFT35_V3_0_RELEASE/src/src/Libraries/fwlib/stm32f2xx/src/stm32f2xx_rcc.o
                0x08009818                RCC_APB1PeriphResetCmd
 .text.RCC_APB2PeriphResetCmd
                0x08009830       0x18 .pio/build/BIGTREE_TFT35_V3_0_RELEASE/src/src/Libraries/fwlib/stm32f2xx/src/stm32f2xx_rcc.o
                0x08009830                RCC_APB2PeriphResetCmd
 .text.SPI_I2S_DeInit
                0x08009848       0x64 .pio/build/BIGTREE_TFT35_V3_0_RELEASE/src/src/Libraries/fwlib/stm32f2xx/src/stm32f2xx_spi.o
                0x08009848                SPI_I2S_DeInit
 .text.SYSCFG_EXTILineConfig
                0x080098ac       0x2a .pio/build/BIGTREE_TFT35_V3_0_RELEASE/src/src/Libraries/fwlib/stm32f2xx/src/stm32f2xx_syscfg.o
                0x080098ac                SYSCFG_EXTILineConfig
 *fill*         0x080098d6        0x2 
 .text.USART_Init
                0x080098d8       0xa8 .pio/build/BIGTREE_TFT35_V3_0_RELEASE/src/src/Libraries/fwlib/stm32f2xx/src/stm32f2xx_usart.o
                0x080098d8                USART_Init
 .text.USART_Cmd
                0x08009980       0x16 .pio/build/BIGTREE_TFT35_V3_0_RELEASE/src/src/Libraries/fwlib/stm32f2xx/src/stm32f2xx_usart.o
                0x08009980                USART_Cmd
 .text.USART_ITConfig
                0x08009996       0x30 .pio/build/BIGTREE_TFT35_V3_0_RELEASE/src/src/Libraries/fwlib/stm32f2xx/src/stm32f2xx_usart.o
                0x08009996                USART_ITConfig
 .text.USART_ClearITPendingBit
                0x080099c6        0xe .pio/build/BIGTREE_TFT35_V3_0_RELEASE/src/src/Libraries/fwlib/stm32f2xx/src/stm32f2xx_usart.o
                0x080099c6                USART_ClearITPendingBit
 .text._ZN19JsonStreamingParser5resetEv
                0x080099d4       0x26 .pio/build/BIGTREE_TFT35_V3_0_RELEASE/src/src/Libraries/json/JsonStreamingParser.o
                0x080099d4                JsonStreamingParser::reset()
 .text._ZN19JsonStreamingParserC2Ev
                0x080099fa       0x28 .pio/build/BIGTREE_TFT35_V3_0_RELEASE/src/src/Libraries/json/JsonStreamingParser.o
                0x080099fa                JsonStreamingParser::JsonStreamingParser()
                0x080099fa                JsonStreamingParser::JsonStreamingParser()
 *fill*         0x08009a22        0x2 
 .text.startup._GLOBAL__sub_I_jsonStreamingParser
                0x08009a24        0xc .pio/build/BIGTREE_TFT35_V3_0_RELEASE/src/src/Libraries/json/JsonStreamingParser.o
 .text.PS_ON_Init
                0x08009a30       0x24 .pio/build/BIGTREE_TFT35_V3_0_RELEASE/src/src/User/API/AddonHardware.o
                0x08009a30                PS_ON_Init
 .text.PS_ON_On
                0x08009a54       0x14 .pio/build/BIGTREE_TFT35_V3_0_RELEASE/src/src/User/API/AddonHardware.o
                0x08009a54                PS_ON_On
 .text.PS_ON_Off
                0x08009a68       0x18 .pio/build/BIGTREE_TFT35_V3_0_RELEASE/src/src/User/API/AddonHardware.o
                0x08009a68                PS_ON_Off
 .text.FIL_Runout_Init
                0x08009a80       0x24 .pio/build/BIGTREE_TFT35_V3_0_RELEASE/src/src/User/API/AddonHardware.o
                0x08009a80                FIL_Runout_Init
 .text.FIL_PosE_SetUpdateWaiting
                0x08009aa4        0xc .pio/build/BIGTREE_TFT35_V3_0_RELEASE/src/src/User/API/AddonHardware.o
                0x08009aa4                FIL_PosE_SetUpdateWaiting
 .text.FIL_SFS_SetAlive
                0x08009ab0        0xc .pio/build/BIGTREE_TFT35_V3_0_RELEASE/src/src/User/API/AddonHardware.o
                0x08009ab0                FIL_SFS_SetAlive
 .text.FIL_NormalRunoutDetect
                0x08009abc       0x70 .pio/build/BIGTREE_TFT35_V3_0_RELEASE/src/src/User/API/AddonHardware.o
                0x08009abc                FIL_NormalRunoutDetect
 .text.FIL_SmartRunoutDetect
                0x08009b2c       0xb4 .pio/build/BIGTREE_TFT35_V3_0_RELEASE/src/src/User/API/AddonHardware.o
                0x08009b2c                FIL_SmartRunoutDetect
 .text.FIL_IsRunout
                0x08009be0       0x20 .pio/build/BIGTREE_TFT35_V3_0_RELEASE/src/src/User/API/AddonHardware.o
                0x08009be0                FIL_IsRunout
 .text.FIL_BE_CheckRunout
                0x08009c00       0x20 .pio/build/BIGTREE_TFT35_V3_0_RELEASE/src/src/User/API/AddonHardware.o
                0x08009c00                FIL_BE_CheckRunout
 .text.FIL_FE_CheckRunout
                0x08009c20       0x7c .pio/build/BIGTREE_TFT35_V3_0_RELEASE/src/src/User/API/AddonHardware.o
                0x08009c20                FIL_FE_CheckRunout
 .text.babystepReset
                0x08009c9c        0xc .pio/build/BIGTREE_TFT35_V3_0_RELEASE/src/src/User/API/BabystepControl.o
                0x08009c9c                babystepReset
 .text.babystepGetValue
                0x08009ca8        0xc .pio/build/BIGTREE_TFT35_V3_0_RELEASE/src/src/User/API/BabystepControl.o
                0x08009ca8                babystepGetValue
 .text.babystepResetValue
                0x08009cb4       0xe0 .pio/build/BIGTREE_TFT35_V3_0_RELEASE/src/src/User/API/BabystepControl.o
                0x08009cb4                babystepResetValue
 .text.babystepUpdateValue
                0x08009d94       0x98 .pio/build/BIGTREE_TFT35_V3_0_RELEASE/src/src/User/API/BabystepControl.o
                0x08009d94                babystepUpdateValue
 .text.Buzzer_play
                0x08009e2c      0x1a0 .pio/build/BIGTREE_TFT35_V3_0_RELEASE/src/src/User/API/BuzzerControl.o
                0x08009e2c                Buzzer_play
 .text.fanIsValid
                0x08009fcc       0x2c .pio/build/BIGTREE_TFT35_V3_0_RELEASE/src/src/User/API/FanControl.o
                0x08009fcc                fanIsValid
 .text.fanSetSpeed
                0x08009ff8       0x34 .pio/build/BIGTREE_TFT35_V3_0_RELEASE/src/src/User/API/FanControl.o
                0x08009ff8                fanSetSpeed
 .text.fanGetSetSpeed
                0x0800a02c        0xc .pio/build/BIGTREE_TFT35_V3_0_RELEASE/src/src/User/API/FanControl.o
                0x0800a02c                fanGetSetSpeed
 .text.fanSetPercent
                0x0800a038       0x20 .pio/build/BIGTREE_TFT35_V3_0_RELEASE/src/src/User/API/FanControl.o
                0x0800a038                fanSetPercent
 .text.fanGetSetPercent
                0x0800a058       0x44 .pio/build/BIGTREE_TFT35_V3_0_RELEASE/src/src/User/API/FanControl.o
                0x0800a058                fanGetSetPercent
 .text.fanSetCurSpeed
                0x0800a09c        0xc .pio/build/BIGTREE_TFT35_V3_0_RELEASE/src/src/User/API/FanControl.o
                0x0800a09c                fanSetCurSpeed
 .text.fanGetCurSpeed
                0x0800a0a8        0xc .pio/build/BIGTREE_TFT35_V3_0_RELEASE/src/src/User/API/FanControl.o
                0x0800a0a8                fanGetCurSpeed
 .text.fanGetCurPercent
                0x0800a0b4       0x44 .pio/build/BIGTREE_TFT35_V3_0_RELEASE/src/src/User/API/FanControl.o
                0x0800a0b4                fanGetCurPercent
 .text.loopFan  0x0800a0f8       0x5c .pio/build/BIGTREE_TFT35_V3_0_RELEASE/src/src/User/API/FanControl.o
                0x0800a0f8                loopFan
 .text.ctrlFanQuerySetWait
                0x0800a154        0xc .pio/build/BIGTREE_TFT35_V3_0_RELEASE/src/src/User/API/FanControl.o
                0x0800a154                ctrlFanQuerySetWait
 .text.ctrlFanQuery
                0x0800a160       0x34 .pio/build/BIGTREE_TFT35_V3_0_RELEASE/src/src/User/API/FanControl.o
                0x0800a160                ctrlFanQuery
 .text.isWaitingResponse
                0x0800a194       0x10 .pio/build/BIGTREE_TFT35_V3_0_RELEASE/src/src/User/API/Gcode/gcode.o
                0x0800a194                isWaitingResponse
 .text.requestCommandInfoIsRunning
                0x0800a1a4       0x18 .pio/build/BIGTREE_TFT35_V3_0_RELEASE/src/src/User/API/Gcode/gcode.o
                0x0800a1a4                requestCommandInfoIsRunning
 .text.clearRequestCommandInfo
                0x0800a1bc       0x18 .pio/build/BIGTREE_TFT35_V3_0_RELEASE/src/src/User/API/Gcode/gcode.o
                0x0800a1bc                clearRequestCommandInfo
 .text.resetRequestCommandInfo
                0x0800a1d4       0x68 .pio/build/BIGTREE_TFT35_V3_0_RELEASE/src/src/User/API/Gcode/gcode.o
 .text.request_M21
                0x0800a23c       0x78 .pio/build/BIGTREE_TFT35_V3_0_RELEASE/src/src/User/API/Gcode/gcode.o
                0x0800a23c                request_M21
 .text.request_M20
                0x0800a2b4       0x50 .pio/build/BIGTREE_TFT35_V3_0_RELEASE/src/src/User/API/Gcode/gcode.o
                0x0800a2b4                request_M20
 .text.request_M33
                0x0800a304       0x4c .pio/build/BIGTREE_TFT35_V3_0_RELEASE/src/src/User/API/Gcode/gcode.o
                0x0800a304                request_M33
 .text.request_M23_M36
                0x0800a350       0xc8 .pio/build/BIGTREE_TFT35_V3_0_RELEASE/src/src/User/API/Gcode/gcode.o
                0x0800a350                request_M23_M36
 .text.request_M24
                0x0800a418       0x18 .pio/build/BIGTREE_TFT35_V3_0_RELEASE/src/src/User/API/Gcode/gcode.o
                0x0800a418                request_M24
 .text.request_M25
                0x0800a430        0xc .pio/build/BIGTREE_TFT35_V3_0_RELEASE/src/src/User/API/Gcode/gcode.o
                0x0800a430                request_M25
 .text.request_M27
                0x0800a43c       0x1c .pio/build/BIGTREE_TFT35_V3_0_RELEASE/src/src/User/API/Gcode/gcode.o
                0x0800a43c                request_M27
 .text.request_M0
                0x0800a458        0xc .pio/build/BIGTREE_TFT35_V3_0_RELEASE/src/src/User/API/Gcode/gcode.o
                0x0800a458                request_M0
 .text.mountGcodeSDCard
                0x0800a464       0x14 .pio/build/BIGTREE_TFT35_V3_0_RELEASE/src/src/User/API/Gcode/mygcodefs.o
                0x0800a464                mountGcodeSDCard
 .text.getName  0x0800a478       0xf0 .pio/build/BIGTREE_TFT35_V3_0_RELEASE/src/src/User/API/Gcode/mygcodefs.o
                0x0800a478                getName
 .text.scanPrintFilesGcodeFs
                0x0800a568      0x164 .pio/build/BIGTREE_TFT35_V3_0_RELEASE/src/src/User/API/Gcode/mygcodefs.o
                0x0800a568                scanPrintFilesGcodeFs
 .text.HW_GetClocksFreq
                0x0800a6cc       0x20 .pio/build/BIGTREE_TFT35_V3_0_RELEASE/src/src/User/API/HW_Init.o
                0x0800a6cc                HW_GetClocksFreq
 .text.HW_Init  0x0800a6ec       0xa0 .pio/build/BIGTREE_TFT35_V3_0_RELEASE/src/src/User/API/HW_Init.o
                0x0800a6ec                HW_Init
 .text.HW_InitMode
                0x0800a78c       0x50 .pio/build/BIGTREE_TFT35_V3_0_RELEASE/src/src/User/API/HW_Init.o
                0x0800a78c                HW_InitMode
 .text.homeOffsetEnable
                0x0800a7dc       0x28 .pio/build/BIGTREE_TFT35_V3_0_RELEASE/src/src/User/API/HomeOffsetControl.o
                0x0800a7dc                homeOffsetEnable
 .text.homeOffsetDisable
                0x0800a804       0x1c .pio/build/BIGTREE_TFT35_V3_0_RELEASE/src/src/User/API/HomeOffsetControl.o
                0x0800a804                homeOffsetDisable
 .text.homeOffsetGetStatus
                0x0800a820        0xc .pio/build/BIGTREE_TFT35_V3_0_RELEASE/src/src/User/API/HomeOffsetControl.o
                0x0800a820                homeOffsetGetStatus
 .text.homeOffsetSetValue
                0x0800a82c       0x24 .pio/build/BIGTREE_TFT35_V3_0_RELEASE/src/src/User/API/HomeOffsetControl.o
                0x0800a82c                homeOffsetSetValue
 .text.homeOffsetGetValue
                0x0800a850       0x14 .pio/build/BIGTREE_TFT35_V3_0_RELEASE/src/src/User/API/HomeOffsetControl.o
                0x0800a850                homeOffsetGetValue
 .text.homeOffsetResetValue
                0x0800a864       0x3c .pio/build/BIGTREE_TFT35_V3_0_RELEASE/src/src/User/API/HomeOffsetControl.o
                0x0800a864                homeOffsetResetValue
 .text.homeOffsetUpdateValue
                0x0800a8a0       0x90 .pio/build/BIGTREE_TFT35_V3_0_RELEASE/src/src/User/API/HomeOffsetControl.o
                0x0800a8a0                homeOffsetUpdateValue
 .text.LCD_IsBlocked
                0x0800a930       0x10 .pio/build/BIGTREE_TFT35_V3_0_RELEASE/src/src/User/API/LCD_Dimming.o
                0x0800a930                LCD_IsBlocked
 .text.LCD_Wake
                0x0800a940       0x3c .pio/build/BIGTREE_TFT35_V3_0_RELEASE/src/src/User/API/LCD_Dimming.o
                0x0800a940                LCD_Wake
 .text.LCD_CheckDimming
                0x0800a97c       0x9c .pio/build/BIGTREE_TFT35_V3_0_RELEASE/src/src/User/API/LCD_Dimming.o
                0x0800a97c                LCD_CheckDimming
 .text.getLabelFlashAddr
                0x0800aa18       0x18 .pio/build/BIGTREE_TFT35_V3_0_RELEASE/src/src/User/API/Language/Language.o
                0x0800aa18                getLabelFlashAddr
 .text.loadLabelText
                0x0800aa30       0x44 .pio/build/BIGTREE_TFT35_V3_0_RELEASE/src/src/User/API/Language/Language.o
                0x0800aa30                loadLabelText
 .text.textSelect
                0x0800aa74       0x30 .pio/build/BIGTREE_TFT35_V3_0_RELEASE/src/src/User/API/Language/Language.o
                0x0800aa74                textSelect
 .text.getUTF8EncodeInfo
                0x0800aaa4       0x78 .pio/build/BIGTREE_TFT35_V3_0_RELEASE/src/src/User/API/Language/utf8_decode.o
 .text.setFontSize
                0x0800ab1c        0xc .pio/build/BIGTREE_TFT35_V3_0_RELEASE/src/src/User/API/Language/utf8_decode.o
                0x0800ab1c                setFontSize
 .text.getCharacterInfo
                0x0800ab28       0x90 .pio/build/BIGTREE_TFT35_V3_0_RELEASE/src/src/User/API/Language/utf8_decode.o
                0x0800ab28                getCharacterInfo
 .text.GUI_StrPixelWidth_str.part.1
                0x0800abb8       0x2c .pio/build/BIGTREE_TFT35_V3_0_RELEASE/src/src/User/API/Language/utf8_decode.o
 .text.GUI_StrPixelWidth_str
                0x0800abe4        0x8 .pio/build/BIGTREE_TFT35_V3_0_RELEASE/src/src/User/API/Language/utf8_decode.o
                0x0800abe4                GUI_StrPixelWidth_str
 .text.GUI_StrPixelWidth_label
                0x0800abec       0x1a .pio/build/BIGTREE_TFT35_V3_0_RELEASE/src/src/User/API/Language/utf8_decode.o
                0x0800abec                GUI_StrPixelWidth_label
 .text.getUTF8Length
                0x0800ac06       0x36 .pio/build/BIGTREE_TFT35_V3_0_RELEASE/src/src/User/API/Language/utf8_decode.o
                0x0800ac06                getUTF8Length
 .text.levelingGetPointCoords
                0x0800ac3c       0x78 .pio/build/BIGTREE_TFT35_V3_0_RELEASE/src/src/User/API/LevelingControl.o
                0x0800ac3c                levelingGetPointCoords
 .text.levelingGetPoint
                0x0800acb4       0x36 .pio/build/BIGTREE_TFT35_V3_0_RELEASE/src/src/User/API/LevelingControl.o
                0x0800acb4                levelingGetPoint
 *fill*         0x0800acea        0x2 
 .text.levelingProbePoint
                0x0800acec       0x74 .pio/build/BIGTREE_TFT35_V3_0_RELEASE/src/src/User/API/LevelingControl.o
                0x0800acec                levelingProbePoint
 .text.levelingSetProbedPoint
                0x0800ad60       0x1c .pio/build/BIGTREE_TFT35_V3_0_RELEASE/src/src/User/API/LevelingControl.o
                0x0800ad60                levelingSetProbedPoint
 .text.levelingGetProbedPoint
                0x0800ad7c        0xc .pio/build/BIGTREE_TFT35_V3_0_RELEASE/src/src/User/API/LevelingControl.o
                0x0800ad7c                levelingGetProbedPoint
 .text.levelingResetProbedPoint
                0x0800ad88        0xc .pio/build/BIGTREE_TFT35_V3_0_RELEASE/src/src/User/API/LevelingControl.o
                0x0800ad88                levelingResetProbedPoint
 .text.levelingGetProbedZ
                0x0800ad94        0xc .pio/build/BIGTREE_TFT35_V3_0_RELEASE/src/src/User/API/LevelingControl.o
                0x0800ad94                levelingGetProbedZ
 .text.getEnabledElementCount
                0x0800ada0       0x30 .pio/build/BIGTREE_TFT35_V3_0_RELEASE/src/src/User/API/MachineParameters.o
                0x0800ada0                getEnabledElementCount
 .text.getEnabledElement
                0x0800add0       0x3c .pio/build/BIGTREE_TFT35_V3_0_RELEASE/src/src/User/API/MachineParameters.o
                0x0800add0                getEnabledElement
 .text.getEnabledParameterCount
                0x0800ae0c       0x20 .pio/build/BIGTREE_TFT35_V3_0_RELEASE/src/src/User/API/MachineParameters.o
                0x0800ae0c                getEnabledParameterCount
 .text.getEnabledParameter
                0x0800ae2c       0x30 .pio/build/BIGTREE_TFT35_V3_0_RELEASE/src/src/User/API/MachineParameters.o
                0x0800ae2c                getEnabledParameter
 .text.getParameter
                0x0800ae5c      0x15c .pio/build/BIGTREE_TFT35_V3_0_RELEASE/src/src/User/API/MachineParameters.o
                0x0800ae5c                getParameter
 .text.setParameter
                0x0800afb8      0x15c .pio/build/BIGTREE_TFT35_V3_0_RELEASE/src/src/User/API/MachineParameters.o
                0x0800afb8                setParameter
 .text.getElementCount
                0x0800b114        0xc .pio/build/BIGTREE_TFT35_V3_0_RELEASE/src/src/User/API/MachineParameters.o
                0x0800b114                getElementCount
 .text.getParameterValType
                0x0800b120       0x10 .pio/build/BIGTREE_TFT35_V3_0_RELEASE/src/src/User/API/MachineParameters.o
                0x0800b120                getParameterValType
 .text.sendParameterCmd
                0x0800b130       0x40 .pio/build/BIGTREE_TFT35_V3_0_RELEASE/src/src/User/API/MachineParameters.o
                0x0800b130                sendParameterCmd
 .text.saveEepromSettings
                0x0800b170       0x18 .pio/build/BIGTREE_TFT35_V3_0_RELEASE/src/src/User/API/MachineParameters.o
                0x0800b170                saveEepromSettings
 .text.restoreEepromSettings
                0x0800b188       0x18 .pio/build/BIGTREE_TFT35_V3_0_RELEASE/src/src/User/API/MachineParameters.o
                0x0800b188                restoreEepromSettings
 .text.resetEepromSettings
                0x0800b1a0       0x18 .pio/build/BIGTREE_TFT35_V3_0_RELEASE/src/src/User/API/MachineParameters.o
                0x0800b1a0                resetEepromSettings
 .text.Mode_Switch
                0x0800b1b8       0xa4 .pio/build/BIGTREE_TFT35_V3_0_RELEASE/src/src/User/API/ModeSwitching.o
                0x0800b1b8                Mode_Switch
 .text.Mode_CheckSwitching
                0x0800b25c       0x64 .pio/build/BIGTREE_TFT35_V3_0_RELEASE/src/src/User/API/ModeSwitching.o
                0x0800b25c                Mode_CheckSwitching
 .text.addToast
                0x0800b2c0       0x70 .pio/build/BIGTREE_TFT35_V3_0_RELEASE/src/src/User/API/Notification.o
                0x0800b2c0                addToast
 .text.toastRunning
                0x0800b330        0xc .pio/build/BIGTREE_TFT35_V3_0_RELEASE/src/src/User/API/Notification.o
                0x0800b330                toastRunning
 .text.toastAvailable
                0x0800b33c       0x20 .pio/build/BIGTREE_TFT35_V3_0_RELEASE/src/src/User/API/Notification.o
                0x0800b33c                toastAvailable
 .text.drawToast
                0x0800b35c      0x104 .pio/build/BIGTREE_TFT35_V3_0_RELEASE/src/src/User/API/Notification.o
                0x0800b35c                drawToast
 .text.loopToast
                0x0800b460       0x58 .pio/build/BIGTREE_TFT35_V3_0_RELEASE/src/src/User/API/Notification.o
                0x0800b460                loopToast
 .text.addNotification
                0x0800b4b8       0xf0 .pio/build/BIGTREE_TFT35_V3_0_RELEASE/src/src/User/API/Notification.o
                0x0800b4b8                addNotification
 .text.replayNotification
                0x0800b5a8       0x4c .pio/build/BIGTREE_TFT35_V3_0_RELEASE/src/src/User/API/Notification.o
                0x0800b5a8                replayNotification
 .text.getNotification
                0x0800b5f4       0x1c .pio/build/BIGTREE_TFT35_V3_0_RELEASE/src/src/User/API/Notification.o
                0x0800b5f4                getNotification
 .text.hasNotification
                0x0800b610       0x10 .pio/build/BIGTREE_TFT35_V3_0_RELEASE/src/src/User/API/Notification.o
                0x0800b610                hasNotification
 .text.clearNotification
                0x0800b620       0x34 .pio/build/BIGTREE_TFT35_V3_0_RELEASE/src/src/User/API/Notification.o
                0x0800b620                clearNotification
 .text.titleBarPress
                0x0800b654       0x3c .pio/build/BIGTREE_TFT35_V3_0_RELEASE/src/src/User/API/Notification.o
                0x0800b654                titleBarPress
 .text.setNotificationHandler
                0x0800b690        0xc .pio/build/BIGTREE_TFT35_V3_0_RELEASE/src/src/User/API/Notification.o
                0x0800b690                setNotificationHandler
 .text.powerFailedSetRestore
                0x0800b69c        0xc .pio/build/BIGTREE_TFT35_V3_0_RELEASE/src/src/User/API/PowerFailed.o
                0x0800b69c                powerFailedSetRestore
 .text.powerFailedGetRestore
                0x0800b6a8        0xc .pio/build/BIGTREE_TFT35_V3_0_RELEASE/src/src/User/API/PowerFailed.o
                0x0800b6a8                powerFailedGetRestore
 .text.powerFailedSetDriverSource
                0x0800b6b4       0x24 .pio/build/BIGTREE_TFT35_V3_0_RELEASE/src/src/User/API/PowerFailed.o
                0x0800b6b4                powerFailedSetDriverSource
 .text.powerFailedInitData
                0x0800b6d8      0x268 .pio/build/BIGTREE_TFT35_V3_0_RELEASE/src/src/User/API/PowerFailed.o
                0x0800b6d8                powerFailedInitData
 .text.powerFailedExist
                0x0800b940       0x50 .pio/build/BIGTREE_TFT35_V3_0_RELEASE/src/src/User/API/PowerFailed.o
                0x0800b940                powerFailedExist
 .text.powerFailedCreate
                0x0800b990       0x84 .pio/build/BIGTREE_TFT35_V3_0_RELEASE/src/src/User/API/PowerFailed.o
                0x0800b990                powerFailedCreate
 .text.powerFailedCache
                0x0800ba14      0x10c .pio/build/BIGTREE_TFT35_V3_0_RELEASE/src/src/User/API/PowerFailed.o
                0x0800ba14                powerFailedCache
 .text.powerFailedClose
                0x0800bb20       0x18 .pio/build/BIGTREE_TFT35_V3_0_RELEASE/src/src/User/API/PowerFailed.o
                0x0800bb20                powerFailedClose
 .text.powerFailedDelete
                0x0800bb38       0x18 .pio/build/BIGTREE_TFT35_V3_0_RELEASE/src/src/User/API/PowerFailed.o
                0x0800bb38                powerFailedDelete
 .text.powerFailedlSeek
                0x0800bb50       0x18 .pio/build/BIGTREE_TFT35_V3_0_RELEASE/src/src/User/API/PowerFailed.o
                0x0800bb50                powerFailedlSeek
 .text.shutdown
                0x0800bb68       0x60 .pio/build/BIGTREE_TFT35_V3_0_RELEASE/src/src/User/API/Printing.o
                0x0800bb68                shutdown
 .text.shutdownLoop
                0x0800bbc8       0x34 .pio/build/BIGTREE_TFT35_V3_0_RELEASE/src/src/User/API/Printing.o
                0x0800bbc8                shutdownLoop
 .text.setRunoutAlarmTrue
                0x0800bbfc        0xc .pio/build/BIGTREE_TFT35_V3_0_RELEASE/src/src/User/API/Printing.o
                0x0800bbfc                setRunoutAlarmTrue
 .text.setRunoutAlarmFalse
                0x0800bc08        0xc .pio/build/BIGTREE_TFT35_V3_0_RELEASE/src/src/User/API/Printing.o
                0x0800bc08                setRunoutAlarmFalse
 .text.getRunoutAlarm
                0x0800bc14        0xc .pio/build/BIGTREE_TFT35_V3_0_RELEASE/src/src/User/API/Printing.o
                0x0800bc14                getRunoutAlarm
 .text.clearQueueAndRunoutAlarm
                0x0800bc20       0x14 .pio/build/BIGTREE_TFT35_V3_0_RELEASE/src/src/User/API/Printing.o
                0x0800bc20                clearQueueAndRunoutAlarm
 .text.breakAndContinue
                0x0800bc34       0x18 .pio/build/BIGTREE_TFT35_V3_0_RELEASE/src/src/User/API/Printing.o
                0x0800bc34                breakAndContinue
 .text.resumeAndPurge
                0x0800bc4c       0x18 .pio/build/BIGTREE_TFT35_V3_0_RELEASE/src/src/User/API/Printing.o
                0x0800bc4c                resumeAndPurge
 .text.resumeAndContinue
                0x0800bc64       0x18 .pio/build/BIGTREE_TFT35_V3_0_RELEASE/src/src/User/API/Printing.o
                0x0800bc64                resumeAndContinue
 .text.setPrintExpectedTime
                0x0800bc7c        0xc .pio/build/BIGTREE_TFT35_V3_0_RELEASE/src/src/User/API/Printing.o
                0x0800bc7c                setPrintExpectedTime
 .text.getPrintExpectedTime
                0x0800bc88        0xc .pio/build/BIGTREE_TFT35_V3_0_RELEASE/src/src/User/API/Printing.o
                0x0800bc88                getPrintExpectedTime
 .text.updatePrintTime
                0x0800bc94       0x44 .pio/build/BIGTREE_TFT35_V3_0_RELEASE/src/src/User/API/Printing.o
                0x0800bc94                updatePrintTime
 .text.getPrintTime
                0x0800bcd8        0xc .pio/build/BIGTREE_TFT35_V3_0_RELEASE/src/src/User/API/Printing.o
                0x0800bcd8                getPrintTime
 .text.setPrintRemainingTime
                0x0800bce4       0x48 .pio/build/BIGTREE_TFT35_V3_0_RELEASE/src/src/User/API/Printing.o
                0x0800bce4                setPrintRemainingTime
 .text.parsePrintRemainingTime
                0x0800bd2c       0x34 .pio/build/BIGTREE_TFT35_V3_0_RELEASE/src/src/User/API/Printing.o
                0x0800bd2c                parsePrintRemainingTime
 .text.getPrintRemainingTime
                0x0800bd60        0xc .pio/build/BIGTREE_TFT35_V3_0_RELEASE/src/src/User/API/Printing.o
                0x0800bd60                getPrintRemainingTime
 .text.setPrintLayerNumber
                0x0800bd6c        0xc .pio/build/BIGTREE_TFT35_V3_0_RELEASE/src/src/User/API/Printing.o
                0x0800bd6c                setPrintLayerNumber
 .text.getPrintLayerNumber
                0x0800bd78        0xc .pio/build/BIGTREE_TFT35_V3_0_RELEASE/src/src/User/API/Printing.o
                0x0800bd78                getPrintLayerNumber
 .text.setPrintLayerCount
                0x0800bd84        0xc .pio/build/BIGTREE_TFT35_V3_0_RELEASE/src/src/User/API/Printing.o
                0x0800bd84                setPrintLayerCount
 .text.getPrintLayerCount
                0x0800bd90        0xc .pio/build/BIGTREE_TFT35_V3_0_RELEASE/src/src/User/API/Printing.o
                0x0800bd90                getPrintLayerCount
 .text.setPrintProgressSource
                0x0800bd9c        0xc .pio/build/BIGTREE_TFT35_V3_0_RELEASE/src/src/User/API/Printing.o
                0x0800bd9c                setPrintProgressSource
 .text.getPrintProgressSource
                0x0800bda8        0xc .pio/build/BIGTREE_TFT35_V3_0_RELEASE/src/src/User/API/Printing.o
                0x0800bda8                getPrintProgressSource
 .text.getPrintDataSize
                0x0800bdb4        0xc .pio/build/BIGTREE_TFT35_V3_0_RELEASE/src/src/User/API/Printing.o
                0x0800bdb4                getPrintDataSize
 .text.getPrintDataCur
                0x0800bdc0        0xc .pio/build/BIGTREE_TFT35_V3_0_RELEASE/src/src/User/API/Printing.o
                0x0800bdc0                getPrintDataCur
 .text.setPrintProgressData
                0x0800bdcc       0x20 .pio/build/BIGTREE_TFT35_V3_0_RELEASE/src/src/User/API/Printing.o
                0x0800bdcc                setPrintProgressData
 .text.setPrintProgressPercentage
                0x0800bdec        0xc .pio/build/BIGTREE_TFT35_V3_0_RELEASE/src/src/User/API/Printing.o
                0x0800bdec                setPrintProgressPercentage
 .text.updatePrintProgress
                0x0800bdf8       0x78 .pio/build/BIGTREE_TFT35_V3_0_RELEASE/src/src/User/API/Printing.o
                0x0800bdf8                updatePrintProgress
 .text.getPrintProgress
                0x0800be70        0xc .pio/build/BIGTREE_TFT35_V3_0_RELEASE/src/src/User/API/Printing.o
                0x0800be70                getPrintProgress
 .text.setPrintRunout
                0x0800be7c        0xc .pio/build/BIGTREE_TFT35_V3_0_RELEASE/src/src/User/API/Printing.o
                0x0800be7c                setPrintRunout
 .text.getPrintRunout
                0x0800be88        0xc .pio/build/BIGTREE_TFT35_V3_0_RELEASE/src/src/User/API/Printing.o
                0x0800be88                getPrintRunout
 .text.shutdownStart
                0x0800be94       0x74 .pio/build/BIGTREE_TFT35_V3_0_RELEASE/src/src/User/API/Printing.o
                0x0800be94                shutdownStart
 .text.initPrintSummary
                0x0800bf08       0x38 .pio/build/BIGTREE_TFT35_V3_0_RELEASE/src/src/User/API/Printing.o
                0x0800bf08                initPrintSummary
 .text.preparePrintSummary
                0x0800bf40       0x74 .pio/build/BIGTREE_TFT35_V3_0_RELEASE/src/src/User/API/Printing.o
                0x0800bf40                preparePrintSummary
 .text.sendPrintCodes
                0x0800bfb4       0x34 .pio/build/BIGTREE_TFT35_V3_0_RELEASE/src/src/User/API/Printing.o
                0x0800bfb4                sendPrintCodes
 .text.setPrintUpdateWaiting
                0x0800bfe8        0xc .pio/build/BIGTREE_TFT35_V3_0_RELEASE/src/src/User/API/Printing.o
                0x0800bfe8                setPrintUpdateWaiting
 .text.updatePrintUsedFilament
                0x0800bff4       0x4c .pio/build/BIGTREE_TFT35_V3_0_RELEASE/src/src/User/API/Printing.o
                0x0800bff4                updatePrintUsedFilament
 .text.clearInfoPrint
                0x0800c040       0x10 .pio/build/BIGTREE_TFT35_V3_0_RELEASE/src/src/User/API/Printing.o
                0x0800c040                clearInfoPrint
 .text.completePrint
                0x0800c050       0x70 .pio/build/BIGTREE_TFT35_V3_0_RELEASE/src/src/User/API/Printing.o
                0x0800c050                completePrint
 .text.startPrintFromRemoteHost
                0x0800c0c0       0x88 .pio/build/BIGTREE_TFT35_V3_0_RELEASE/src/src/User/API/Printing.o
                0x0800c0c0                startPrintFromRemoteHost
 .text.startPrint
                0x0800c148       0xd0 .pio/build/BIGTREE_TFT35_V3_0_RELEASE/src/src/User/API/Printing.o
                0x0800c148                startPrint
 .text.endPrint
                0x0800c218       0x68 .pio/build/BIGTREE_TFT35_V3_0_RELEASE/src/src/User/API/Printing.o
                0x0800c218                endPrint
 .text.pausePrint
                0x0800c280      0x2c0 .pio/build/BIGTREE_TFT35_V3_0_RELEASE/src/src/User/API/Printing.o
                0x0800c280                pausePrint
 .text.isPrinting
                0x0800c540        0xc .pio/build/BIGTREE_TFT35_V3_0_RELEASE/src/src/User/API/Printing.o
                0x0800c540                isPrinting
 .text.isPaused
                0x0800c54c        0xc .pio/build/BIGTREE_TFT35_V3_0_RELEASE/src/src/User/API/Printing.o
                0x0800c54c                isPaused
 .text.isAborted
                0x0800c558        0xc .pio/build/BIGTREE_TFT35_V3_0_RELEASE/src/src/User/API/Printing.o
                0x0800c558                isAborted
 .text.isPrintingFromTFT
                0x0800c564       0x20 .pio/build/BIGTREE_TFT35_V3_0_RELEASE/src/src/User/API/Printing.o
                0x0800c564                isPrintingFromTFT
 .text.isPrintingFromHost
                0x0800c584       0x10 .pio/build/BIGTREE_TFT35_V3_0_RELEASE/src/src/User/API/Printing.o
                0x0800c584                isPrintingFromHost
 .text.setPrintAbort
                0x0800c594       0x2c .pio/build/BIGTREE_TFT35_V3_0_RELEASE/src/src/User/API/Printing.o
                0x0800c594                setPrintAbort
 .text.abortPrint
                0x0800c5c0       0xe8 .pio/build/BIGTREE_TFT35_V3_0_RELEASE/src/src/User/API/Printing.o
                0x0800c5c0                abortPrint
 .text.setPrintPause
                0x0800c6a8       0x44 .pio/build/BIGTREE_TFT35_V3_0_RELEASE/src/src/User/API/Printing.o
                0x0800c6a8                setPrintPause
 .text.setPrintResume
                0x0800c6ec       0x3c .pio/build/BIGTREE_TFT35_V3_0_RELEASE/src/src/User/API/Printing.o
                0x0800c6ec                setPrintResume
 .text.loopPrintFromTFT
                0x0800c728      0x1d0 .pio/build/BIGTREE_TFT35_V3_0_RELEASE/src/src/User/API/Printing.o
                0x0800c728                loopPrintFromTFT
 .text.loopPrintFromOnboard
                0x0800c8f8       0xa0 .pio/build/BIGTREE_TFT35_V3_0_RELEASE/src/src/User/API/Printing.o
                0x0800c8f8                loopPrintFromOnboard
 .text.loopPrintState
                0x0800c998       0x60 .pio/build/BIGTREE_TFT35_V3_0_RELEASE/src/src/User/API/Printing.o
                0x0800c998                loopPrintState
 .text.probeHeightEnable
                0x0800c9f8       0x54 .pio/build/BIGTREE_TFT35_V3_0_RELEASE/src/src/User/API/ProbeHeightControl.o
                0x0800c9f8                probeHeightEnable
 .text.probeHeightDisable
                0x0800ca4c       0x68 .pio/build/BIGTREE_TFT35_V3_0_RELEASE/src/src/User/API/ProbeHeightControl.o
                0x0800ca4c                probeHeightDisable
 .text.probeHeightHomeAndNoABL
                0x0800cab4       0x30 .pio/build/BIGTREE_TFT35_V3_0_RELEASE/src/src/User/API/ProbeHeightControl.o
                0x0800cab4                probeHeightHomeAndNoABL
 .text.probeHeightRelative
                0x0800cae4        0xc .pio/build/BIGTREE_TFT35_V3_0_RELEASE/src/src/User/API/ProbeHeightControl.o
                0x0800cae4                probeHeightRelative
 .text.probeHeightAbsolute
                0x0800caf0        0xc .pio/build/BIGTREE_TFT35_V3_0_RELEASE/src/src/User/API/ProbeHeightControl.o
                0x0800caf0                probeHeightAbsolute
 .text.probeHeightStart
                0x0800cafc       0x3c .pio/build/BIGTREE_TFT35_V3_0_RELEASE/src/src/User/API/ProbeHeightControl.o
                0x0800cafc                probeHeightStart
 .text.probeHeightStop
                0x0800cb38       0x34 .pio/build/BIGTREE_TFT35_V3_0_RELEASE/src/src/User/API/ProbeHeightControl.o
                0x0800cb38                probeHeightStop
 .text.probeHeightHome
                0x0800cb6c       0x40 .pio/build/BIGTREE_TFT35_V3_0_RELEASE/src/src/User/API/ProbeHeightControl.o
                0x0800cb6c                probeHeightHome
 .text.probeHeightHomeAndRaise
                0x0800cbac       0x20 .pio/build/BIGTREE_TFT35_V3_0_RELEASE/src/src/User/API/ProbeHeightControl.o
                0x0800cbac                probeHeightHomeAndRaise
 .text.probeOffsetDisable
                0x0800cbcc       0x1c .pio/build/BIGTREE_TFT35_V3_0_RELEASE/src/src/User/API/ProbeOffsetControl.o
                0x0800cbcc                probeOffsetDisable
 .text.probeOffsetGetStatus
                0x0800cbe8        0xc .pio/build/BIGTREE_TFT35_V3_0_RELEASE/src/src/User/API/ProbeOffsetControl.o
                0x0800cbe8                probeOffsetGetStatus
 .text.probeOffsetSetValue
                0x0800cbf4       0x24 .pio/build/BIGTREE_TFT35_V3_0_RELEASE/src/src/User/API/ProbeOffsetControl.o
                0x0800cbf4                probeOffsetSetValue
 .text.probeOffsetGetValue
                0x0800cc18       0x14 .pio/build/BIGTREE_TFT35_V3_0_RELEASE/src/src/User/API/ProbeOffsetControl.o
                0x0800cc18                probeOffsetGetValue
 .text.probeOffsetEnable
                0x0800cc2c       0xa8 .pio/build/BIGTREE_TFT35_V3_0_RELEASE/src/src/User/API/ProbeOffsetControl.o
                0x0800cc2c                probeOffsetEnable
 .text.probeOffsetResetValue
                0x0800ccd4       0x40 .pio/build/BIGTREE_TFT35_V3_0_RELEASE/src/src/User/API/ProbeOffsetControl.o
                0x0800ccd4                probeOffsetResetValue
 .text.probeOffsetUpdateValue
                0x0800cd14       0x8c .pio/build/BIGTREE_TFT35_V3_0_RELEASE/src/src/User/API/ProbeOffsetControl.o
                0x0800cd14                probeOffsetUpdateValue
 .text.Serial_Init
                0x0800cda0       0xa0 .pio/build/BIGTREE_TFT35_V3_0_RELEASE/src/src/User/API/SerialConnection.o
                0x0800cda0                Serial_Init
 .text.Serial_DeInit
                0x0800ce40       0x44 .pio/build/BIGTREE_TFT35_V3_0_RELEASE/src/src/User/API/SerialConnection.o
                0x0800ce40                Serial_DeInit
 .text.Serial_Forward
                0x0800ce84       0x94 .pio/build/BIGTREE_TFT35_V3_0_RELEASE/src/src/User/API/SerialConnection.o
                0x0800ce84                Serial_Forward
 .text.Serial_Get
                0x0800cf18       0x9c .pio/build/BIGTREE_TFT35_V3_0_RELEASE/src/src/User/API/SerialConnection.o
                0x0800cf18                Serial_Get
 .text.Serial_GetFromUART
                0x0800cfb4       0x44 .pio/build/BIGTREE_TFT35_V3_0_RELEASE/src/src/User/API/SerialConnection.o
                0x0800cfb4                Serial_GetFromUART
 .text.initSettings
                0x0800cff8      0x1d8 .pio/build/BIGTREE_TFT35_V3_0_RELEASE/src/src/User/API/Settings.o
                0x0800cff8                initSettings
 .text.saveSettings
                0x0800d1d0       0x28 .pio/build/BIGTREE_TFT35_V3_0_RELEASE/src/src/User/API/Settings.o
                0x0800d1d0                saveSettings
 .text.initMachineSettings
                0x0800d1f8       0x38 .pio/build/BIGTREE_TFT35_V3_0_RELEASE/src/src/User/API/Settings.o
                0x0800d1f8                initMachineSettings
 .text.setupMachine
                0x0800d230       0x90 .pio/build/BIGTREE_TFT35_V3_0_RELEASE/src/src/User/API/Settings.o
                0x0800d230                setupMachine
 .text.flashUsedPercentage
                0x0800d2c0       0x18 .pio/build/BIGTREE_TFT35_V3_0_RELEASE/src/src/User/API/Settings.o
                0x0800d2c0                flashUsedPercentage
 .text.getFlashSignStatus
                0x0800d2d8       0x3c .pio/build/BIGTREE_TFT35_V3_0_RELEASE/src/src/User/API/Settings.o
                0x0800d2d8                getFlashSignStatus
 .text.checkflashSign
                0x0800d314       0xc4 .pio/build/BIGTREE_TFT35_V3_0_RELEASE/src/src/User/API/Settings.o
                0x0800d314                checkflashSign
 .text.speedSetPercent
                0x0800d3d8       0x48 .pio/build/BIGTREE_TFT35_V3_0_RELEASE/src/src/User/API/SpeedControl.o
                0x0800d3d8                speedSetPercent
 .text.speedGetSetPercent
                0x0800d420        0xc .pio/build/BIGTREE_TFT35_V3_0_RELEASE/src/src/User/API/SpeedControl.o
                0x0800d420                speedGetSetPercent
 .text.speedSetCurPercent
                0x0800d42c        0xc .pio/build/BIGTREE_TFT35_V3_0_RELEASE/src/src/User/API/SpeedControl.o
                0x0800d42c                speedSetCurPercent
 .text.speedGetCurPercent
                0x0800d438        0xc .pio/build/BIGTREE_TFT35_V3_0_RELEASE/src/src/User/API/SpeedControl.o
                0x0800d438                speedGetCurPercent
 .text.loopSpeed
                0x0800d444       0x80 .pio/build/BIGTREE_TFT35_V3_0_RELEASE/src/src/User/API/SpeedControl.o
                0x0800d444                loopSpeed
 .text.speedQuerySetWait
                0x0800d4c4        0xc .pio/build/BIGTREE_TFT35_V3_0_RELEASE/src/src/User/API/SpeedControl.o
                0x0800d4c4                speedQuerySetWait
 .text.speedQuery
                0x0800d4d0       0x50 .pio/build/BIGTREE_TFT35_V3_0_RELEASE/src/src/User/API/SpeedControl.o
                0x0800d4d0                speedQuery
 .text.spindleControlInit
                0x0800d520        0x2 .pio/build/BIGTREE_TFT35_V3_0_RELEASE/src/src/User/API/SpindleControl.o
                0x0800d520                spindleControlInit
 *fill*         0x0800d522        0x2 
 .text.convertSpeed_LCD_2_Marlin
                0x0800d524       0xb0 .pio/build/BIGTREE_TFT35_V3_0_RELEASE/src/src/User/API/SpindleControl.o
                0x0800d524                convertSpeed_LCD_2_Marlin
 .text.convertSpeed_Marlin_2_LCD
                0x0800d5d4       0xcc .pio/build/BIGTREE_TFT35_V3_0_RELEASE/src/src/User/API/SpindleControl.o
                0x0800d5d4                convertSpeed_Marlin_2_LCD
 .text.getLCD_Units_StepValue
                0x0800d6a0       0x38 .pio/build/BIGTREE_TFT35_V3_0_RELEASE/src/src/User/API/SpindleControl.o
                0x0800d6a0                getLCD_Units_StepValue
 .text.checkPowerLimits
                0x0800d6d8       0x34 .pio/build/BIGTREE_TFT35_V3_0_RELEASE/src/src/User/API/SpindleControl.o
                0x0800d6d8                checkPowerLimits
 .text.spindleSetSpeed
                0x0800d70c        0xc .pio/build/BIGTREE_TFT35_V3_0_RELEASE/src/src/User/API/SpindleControl.o
                0x0800d70c                spindleSetSpeed
 .text.spindleGetSetSpeed
                0x0800d718        0xc .pio/build/BIGTREE_TFT35_V3_0_RELEASE/src/src/User/API/SpindleControl.o
                0x0800d718                spindleGetSetSpeed
 .text.spindleSetCurSpeed
                0x0800d724        0xc .pio/build/BIGTREE_TFT35_V3_0_RELEASE/src/src/User/API/SpindleControl.o
                0x0800d724                spindleSetCurSpeed
 .text.spindleGetCurSpeed
                0x0800d730        0xc .pio/build/BIGTREE_TFT35_V3_0_RELEASE/src/src/User/API/SpindleControl.o
                0x0800d730                spindleGetCurSpeed
 .text.loopSpindle
                0x0800d73c       0xe4 .pio/build/BIGTREE_TFT35_V3_0_RELEASE/src/src/User/API/SpindleControl.o
                0x0800d73c                loopSpindle
 .text.disableSpindleandVacuum
                0x0800d820       0x7c .pio/build/BIGTREE_TFT35_V3_0_RELEASE/src/src/User/API/SpindleControl.o
                0x0800d820                disableSpindleandVacuum
 .text.heaterIndexFix
                0x0800d89c       0x3c .pio/build/BIGTREE_TFT35_V3_0_RELEASE/src/src/User/API/Temperature.o
 .text.heatSetTargetTemp
                0x0800d8d8       0xc4 .pio/build/BIGTREE_TFT35_V3_0_RELEASE/src/src/User/API/Temperature.o
                0x0800d8d8                heatSetTargetTemp
 .text.heatGetTargetTemp
                0x0800d99c       0x20 .pio/build/BIGTREE_TFT35_V3_0_RELEASE/src/src/User/API/Temperature.o
                0x0800d99c                heatGetTargetTemp
 .text.heatGetCurrentTemp
                0x0800d9bc       0x1c .pio/build/BIGTREE_TFT35_V3_0_RELEASE/src/src/User/API/Temperature.o
                0x0800d9bc                heatGetCurrentTemp
 .text.heatHasWaiting
                0x0800d9d8       0x10 .pio/build/BIGTREE_TFT35_V3_0_RELEASE/src/src/User/API/Temperature.o
                0x0800d9d8                heatHasWaiting
 .text.heatSetCurrentTool
                0x0800d9e8       0x18 .pio/build/BIGTREE_TFT35_V3_0_RELEASE/src/src/User/API/Temperature.o
                0x0800d9e8                heatSetCurrentTool
 .text.heatGetCurrentTool
                0x0800da00        0xc .pio/build/BIGTREE_TFT35_V3_0_RELEASE/src/src/User/API/Temperature.o
                0x0800da00                heatGetCurrentTool
 .text.heatGetCurrentHotend
                0x0800da0c       0x1c .pio/build/BIGTREE_TFT35_V3_0_RELEASE/src/src/User/API/Temperature.o
                0x0800da0c                heatGetCurrentHotend
 .text.heaterDisplayIsValid
                0x0800da28       0x30 .pio/build/BIGTREE_TFT35_V3_0_RELEASE/src/src/User/API/Temperature.o
                0x0800da28                heaterDisplayIsValid
 .text.heatSetUpdateSeconds
                0x0800da58       0x34 .pio/build/BIGTREE_TFT35_V3_0_RELEASE/src/src/User/API/Temperature.o
                0x0800da58                heatSetUpdateSeconds
 .text.heatSetIsWaiting
                0x0800da8c       0x30 .pio/build/BIGTREE_TFT35_V3_0_RELEASE/src/src/User/API/Temperature.o
                0x0800da8c                heatSetIsWaiting
 .text.heatClearIsWaiting
                0x0800dabc       0x14 .pio/build/BIGTREE_TFT35_V3_0_RELEASE/src/src/User/API/Temperature.o
                0x0800dabc                heatClearIsWaiting
 .text.heatGetUpdateSeconds
                0x0800dad0        0xc .pio/build/BIGTREE_TFT35_V3_0_RELEASE/src/src/User/API/Temperature.o
                0x0800dad0                heatGetUpdateSeconds
 .text.heatSyncUpdateSeconds
                0x0800dadc        0xc .pio/build/BIGTREE_TFT35_V3_0_RELEASE/src/src/User/API/Temperature.o
                0x0800dadc                heatSyncUpdateSeconds
 .text.heatSetUpdateWaiting
                0x0800dae8        0xc .pio/build/BIGTREE_TFT35_V3_0_RELEASE/src/src/User/API/Temperature.o
                0x0800dae8                heatSetUpdateWaiting
 .text.updateNextHeatCheckTime
                0x0800daf4       0x20 .pio/build/BIGTREE_TFT35_V3_0_RELEASE/src/src/User/API/Temperature.o
                0x0800daf4                updateNextHeatCheckTime
 .text.heatSetCurrentTemp
                0x0800db14       0x40 .pio/build/BIGTREE_TFT35_V3_0_RELEASE/src/src/User/API/Temperature.o
                0x0800db14                heatSetCurrentTemp
 .text.loopCheckHeater
                0x0800db54      0x13c .pio/build/BIGTREE_TFT35_V3_0_RELEASE/src/src/User/API/Temperature.o
                0x0800db54                loopCheckHeater
 .text.Touch_Enc_ReadPen
                0x0800dc90       0x38 .pio/build/BIGTREE_TFT35_V3_0_RELEASE/src/src/User/API/Touch_Encoder.o
                0x0800dc90                Touch_Enc_ReadPen
 .text.Touch_Enc_ReadBtn
                0x0800dcc8       0x50 .pio/build/BIGTREE_TFT35_V3_0_RELEASE/src/src/User/API/Touch_Encoder.o
                0x0800dcc8                Touch_Enc_ReadBtn
 .text.Touch_Enc_ReadPos
                0x0800dd18       0xa4 .pio/build/BIGTREE_TFT35_V3_0_RELEASE/src/src/User/API/Touch_Encoder.o
                0x0800dd18                Touch_Enc_ReadPos
 .text.IconCharSelect
                0x0800ddbc        0xc .pio/build/BIGTREE_TFT35_V3_0_RELEASE/src/src/User/API/UI/CharIcon.o
                0x0800ddbc                IconCharSelect
 .text.drawCharIcon
                0x0800ddc8       0x68 .pio/build/BIGTREE_TFT35_V3_0_RELEASE/src/src/User/API/UI/CharIcon.o
                0x0800ddc8                drawCharIcon
 .text.GUI_SetColor
                0x0800de30        0xc .pio/build/BIGTREE_TFT35_V3_0_RELEASE/src/src/User/API/UI/GUI.o
                0x0800de30                GUI_SetColor
 .text.GUI_GetColor
                0x0800de3c        0xc .pio/build/BIGTREE_TFT35_V3_0_RELEASE/src/src/User/API/UI/GUI.o
                0x0800de3c                GUI_GetColor
 .text.GUI_SetBkColor
                0x0800de48        0xc .pio/build/BIGTREE_TFT35_V3_0_RELEASE/src/src/User/API/UI/GUI.o
                0x0800de48                GUI_SetBkColor
 .text.GUI_GetBkColor
                0x0800de54        0xc .pio/build/BIGTREE_TFT35_V3_0_RELEASE/src/src/User/API/UI/GUI.o
                0x0800de54                GUI_GetBkColor
 .text.GUI_SetTextMode
                0x0800de60        0xc .pio/build/BIGTREE_TFT35_V3_0_RELEASE/src/src/User/API/UI/GUI.o
                0x0800de60                GUI_SetTextMode
 .text.GUI_SetNumMode
                0x0800de6c        0xc .pio/build/BIGTREE_TFT35_V3_0_RELEASE/src/src/User/API/UI/GUI.o
                0x0800de6c                GUI_SetNumMode
 .text.GUI_Clear
                0x0800de78       0x2c .pio/build/BIGTREE_TFT35_V3_0_RELEASE/src/src/User/API/UI/GUI.o
                0x0800de78                GUI_Clear
 .text.GUI_SetRange
                0x0800dea4       0x1c .pio/build/BIGTREE_TFT35_V3_0_RELEASE/src/src/User/API/UI/GUI.o
                0x0800dea4                GUI_SetRange
 .text.GUI_CancelRange
                0x0800dec0        0xc .pio/build/BIGTREE_TFT35_V3_0_RELEASE/src/src/User/API/UI/GUI.o
                0x0800dec0                GUI_CancelRange
 .text.GUI_DrawPixel
                0x0800decc       0x50 .pio/build/BIGTREE_TFT35_V3_0_RELEASE/src/src/User/API/UI/GUI.o
                0x0800decc                GUI_DrawPixel
 .text.GUI_DrawPoint
                0x0800df1c       0x1c .pio/build/BIGTREE_TFT35_V3_0_RELEASE/src/src/User/API/UI/GUI.o
                0x0800df1c                GUI_DrawPoint
 .text.GUI_FillRect
                0x0800df38       0x40 .pio/build/BIGTREE_TFT35_V3_0_RELEASE/src/src/User/API/UI/GUI.o
                0x0800df38                GUI_FillRect
 .text.GUI_FillPrect
                0x0800df78        0xc .pio/build/BIGTREE_TFT35_V3_0_RELEASE/src/src/User/API/UI/GUI.o
                0x0800df78                GUI_FillPrect
 .text.GUI_ClearRect
                0x0800df84       0x40 .pio/build/BIGTREE_TFT35_V3_0_RELEASE/src/src/User/API/UI/GUI.o
                0x0800df84                GUI_ClearRect
 .text.GUI_ClearPrect
                0x0800dfc4        0xc .pio/build/BIGTREE_TFT35_V3_0_RELEASE/src/src/User/API/UI/GUI.o
                0x0800dfc4                GUI_ClearPrect
 .text.GUI_FillRectColor
                0x0800dfd0       0x40 .pio/build/BIGTREE_TFT35_V3_0_RELEASE/src/src/User/API/UI/GUI.o
                0x0800dfd0                GUI_FillRectColor
 .text.GUI_DrawLine
                0x0800e010       0x8a .pio/build/BIGTREE_TFT35_V3_0_RELEASE/src/src/User/API/UI/GUI.o
                0x0800e010                GUI_DrawLine
 *fill*         0x0800e09a        0x2 
 .text.GUI_HLine
                0x0800e09c       0x2c .pio/build/BIGTREE_TFT35_V3_0_RELEASE/src/src/User/API/UI/GUI.o
                0x0800e09c                GUI_HLine
 .text.GUI_FillCircle.part.1
                0x0800e0c8      0x2c8 .pio/build/BIGTREE_TFT35_V3_0_RELEASE/src/src/User/API/UI/GUI.o
 .text.GUI_VLine
                0x0800e390       0x2c .pio/build/BIGTREE_TFT35_V3_0_RELEASE/src/src/User/API/UI/GUI.o
                0x0800e390                GUI_VLine
 .text.GUI_DrawRect
                0x0800e3bc       0x34 .pio/build/BIGTREE_TFT35_V3_0_RELEASE/src/src/User/API/UI/GUI.o
                0x0800e3bc                GUI_DrawRect
 .text.GUI_DrawPrect
                0x0800e3f0        0xc .pio/build/BIGTREE_TFT35_V3_0_RELEASE/src/src/User/API/UI/GUI.o
                0x0800e3f0                GUI_DrawPrect
 .text.GUI_FillCircle
                0x0800e3fc        0x8 .pio/build/BIGTREE_TFT35_V3_0_RELEASE/src/src/User/API/UI/GUI.o
                0x0800e3fc                GUI_FillCircle
 .text.getTextStartPoint
                0x0800e404       0xba .pio/build/BIGTREE_TFT35_V3_0_RELEASE/src/src/User/API/UI/GUI.o
                0x0800e404                getTextStartPoint
 *fill*         0x0800e4be        0x2 
 .text.GUI_DispOne
                0x0800e4c0      0x1f4 .pio/build/BIGTREE_TFT35_V3_0_RELEASE/src/src/User/API/UI/GUI.o
                0x0800e4c0                GUI_DispOne
 .text.GUI_DisplayWordInPrect
                0x0800e6b4       0xbe .pio/build/BIGTREE_TFT35_V3_0_RELEASE/src/src/User/API/UI/GUI.o
 .text._GUI_DispString.part.2
                0x0800e772       0x32 .pio/build/BIGTREE_TFT35_V3_0_RELEASE/src/src/User/API/UI/GUI.o
 .text._GUI_DispString
                0x0800e7a4        0x8 .pio/build/BIGTREE_TFT35_V3_0_RELEASE/src/src/User/API/UI/GUI.o
                0x0800e7a4                _GUI_DispString
 .text._GUI_DispLenString
                0x0800e7ac       0x80 .pio/build/BIGTREE_TFT35_V3_0_RELEASE/src/src/User/API/UI/GUI.o
                0x0800e7ac                _GUI_DispLenString
 .text._GUI_DispStringRight
                0x0800e82c       0x1e .pio/build/BIGTREE_TFT35_V3_0_RELEASE/src/src/User/API/UI/GUI.o
                0x0800e82c                _GUI_DispStringRight
 .text._GUI_DispStringCenter
                0x0800e84a       0x20 .pio/build/BIGTREE_TFT35_V3_0_RELEASE/src/src/User/API/UI/GUI.o
                0x0800e84a                _GUI_DispStringCenter
 .text._GUI_DispStringInRect
                0x0800e86a       0x92 .pio/build/BIGTREE_TFT35_V3_0_RELEASE/src/src/User/API/UI/GUI.o
                0x0800e86a                _GUI_DispStringInRect
 .text._GUI_DispStringInPrect
                0x0800e8fc       0x1e .pio/build/BIGTREE_TFT35_V3_0_RELEASE/src/src/User/API/UI/GUI.o
                0x0800e8fc                _GUI_DispStringInPrect
 *fill*         0x0800e91a        0x2 
 .text._GUI_DispStringInRectEOL
                0x0800e91c       0xa8 .pio/build/BIGTREE_TFT35_V3_0_RELEASE/src/src/User/API/UI/GUI.o
                0x0800e91c                _GUI_DispStringInRectEOL
 .text._GUI_DispStringInPrectEOL
                0x0800e9c4       0x1e .pio/build/BIGTREE_TFT35_V3_0_RELEASE/src/src/User/API/UI/GUI.o
                0x0800e9c4                _GUI_DispStringInPrectEOL
 *fill*         0x0800e9e2        0x2 
 .text._GUI_DispStringOnIcon
                0x0800e9e4       0x8c .pio/build/BIGTREE_TFT35_V3_0_RELEASE/src/src/User/API/UI/GUI.o
                0x0800e9e4                _GUI_DispStringOnIcon
 .text.GUI_DispDec
                0x0800ea70       0xf8 .pio/build/BIGTREE_TFT35_V3_0_RELEASE/src/src/User/API/UI/GUI.o
                0x0800ea70                GUI_DispDec
 .text._GUI_DispLabel
                0x0800eb68       0x20 .pio/build/BIGTREE_TFT35_V3_0_RELEASE/src/src/User/API/UI/GUI.o
                0x0800eb68                _GUI_DispLabel
 .text._GUI_DispLabelCenter
                0x0800eb88       0x20 .pio/build/BIGTREE_TFT35_V3_0_RELEASE/src/src/User/API/UI/GUI.o
                0x0800eb88                _GUI_DispLabelCenter
 .text._GUI_DispLabelInRect
                0x0800eba8       0x30 .pio/build/BIGTREE_TFT35_V3_0_RELEASE/src/src/User/API/UI/GUI.o
                0x0800eba8                _GUI_DispLabelInRect
 .text._GUI_DispLabelInPrect
                0x0800ebd8       0x1a .pio/build/BIGTREE_TFT35_V3_0_RELEASE/src/src/User/API/UI/GUI.o
                0x0800ebd8                _GUI_DispLabelInPrect
 *fill*         0x0800ebf2        0x2 
 .text.RADIO_Create_Single
                0x0800ebf4       0x7c .pio/build/BIGTREE_TFT35_V3_0_RELEASE/src/src/User/API/UI/GUI.o
                0x0800ebf4                RADIO_Create_Single
 .text.Scroll_CreatePara
                0x0800ec70       0x62 .pio/build/BIGTREE_TFT35_V3_0_RELEASE/src/src/User/API/UI/GUI.o
                0x0800ec70                Scroll_CreatePara
 *fill*         0x0800ecd2        0x2 
 .text.Scroll_DispString
                0x0800ecd4      0x160 .pio/build/BIGTREE_TFT35_V3_0_RELEASE/src/src/User/API/UI/GUI.o
                0x0800ecd4                Scroll_DispString
 .text.GUI_DrawButton
                0x0800ee34      0x1d8 .pio/build/BIGTREE_TFT35_V3_0_RELEASE/src/src/User/API/UI/GUI.o
                0x0800ee34                GUI_DrawButton
 .text.GUI_DrawWindow
                0x0800f00c      0x19c .pio/build/BIGTREE_TFT35_V3_0_RELEASE/src/src/User/API/UI/GUI.o
                0x0800f00c                GUI_DrawWindow
 .text.HD44780_BI11_ReturnHome
                0x0800f1a8       0x10 .pio/build/BIGTREE_TFT35_V3_0_RELEASE/src/src/User/API/UI/HD44780_Emulator.o
                0x0800f1a8                HD44780_BI11_ReturnHome
 .text.HD44780_BI12_EntryModeSet
                0x0800f1b8        0xc .pio/build/BIGTREE_TFT35_V3_0_RELEASE/src/src/User/API/UI/HD44780_Emulator.o
                0x0800f1b8                HD44780_BI12_EntryModeSet
 .text.HD44780_BI13_DisplayControl
                0x0800f1c4        0xc .pio/build/BIGTREE_TFT35_V3_0_RELEASE/src/src/User/API/UI/HD44780_Emulator.o
                0x0800f1c4                HD44780_BI13_DisplayControl
 .text.HD44780_BI14_CursorDisplayControl
                0x0800f1d0        0xc .pio/build/BIGTREE_TFT35_V3_0_RELEASE/src/src/User/API/UI/HD44780_Emulator.o
                0x0800f1d0                HD44780_BI14_CursorDisplayControl
 .text.HD44780_CI15_FunctionSet
                0x0800f1dc        0xc .pio/build/BIGTREE_TFT35_V3_0_RELEASE/src/src/User/API/UI/HD44780_Emulator.o
                0x0800f1dc                HD44780_CI15_FunctionSet
 .text.HD44780_BI16_SetCGRAMAddress
                0x0800f1e8       0x20 .pio/build/BIGTREE_TFT35_V3_0_RELEASE/src/src/User/API/UI/HD44780_Emulator.o
                0x0800f1e8                HD44780_BI16_SetCGRAMAddress
 .text.HD44780_BI17_SetDDRAMAddress
                0x0800f208       0x6c .pio/build/BIGTREE_TFT35_V3_0_RELEASE/src/src/User/API/UI/HD44780_Emulator.o
                0x0800f208                HD44780_BI17_SetDDRAMAddress
 .text.HD44780_BI10_DisplayClear
                0x0800f274       0x3c .pio/build/BIGTREE_TFT35_V3_0_RELEASE/src/src/User/API/UI/HD44780_Emulator.o
                0x0800f274                HD44780_BI10_DisplayClear
 .text.HD44780_DrawPixel.part.0
                0x0800f2b0       0x38 .pio/build/BIGTREE_TFT35_V3_0_RELEASE/src/src/User/API/UI/HD44780_Emulator.o
 .text.HD44780_DrawPixel
                0x0800f2e8       0x44 .pio/build/BIGTREE_TFT35_V3_0_RELEASE/src/src/User/API/UI/HD44780_Emulator.o
                0x0800f2e8                HD44780_DrawPixel
 .text.HD44780_DispDDRAM
                0x0800f32c      0x178 .pio/build/BIGTREE_TFT35_V3_0_RELEASE/src/src/User/API/UI/HD44780_Emulator.o
                0x0800f32c                HD44780_DispDDRAM
 .text.HD44780_SetCGRAMData
                0x0800f4a4       0x3c .pio/build/BIGTREE_TFT35_V3_0_RELEASE/src/src/User/API/UI/HD44780_Emulator.o
                0x0800f4a4                HD44780_SetCGRAMData
 .text.HD44780_ParseWCmd
                0x0800f4e0       0x20 .pio/build/BIGTREE_TFT35_V3_0_RELEASE/src/src/User/API/UI/HD44780_Emulator.o
                0x0800f4e0                HD44780_ParseWCmd
 .text.HD44780_ParseWData
                0x0800f500       0x18 .pio/build/BIGTREE_TFT35_V3_0_RELEASE/src/src/User/API/UI/HD44780_Emulator.o
                0x0800f500                HD44780_ParseWData
 .text.HD44780_ParseRecv
                0x0800f518       0x50 .pio/build/BIGTREE_TFT35_V3_0_RELEASE/src/src/User/API/UI/HD44780_Emulator.o
                0x0800f518                HD44780_ParseRecv
 .text.setDynamicLabel
                0x0800f568        0xc .pio/build/BIGTREE_TFT35_V3_0_RELEASE/src/src/User/API/UI/ListItem.o
                0x0800f568                setDynamicLabel
 .text.setDynamicTextValue
                0x0800f574       0x10 .pio/build/BIGTREE_TFT35_V3_0_RELEASE/src/src/User/API/UI/ListItem.o
                0x0800f574                setDynamicTextValue
 .text.setDynamicValue
                0x0800f584       0x60 .pio/build/BIGTREE_TFT35_V3_0_RELEASE/src/src/User/API/UI/ListItem.o
                0x0800f584                setDynamicValue
 .text.setDynamicIntValue
                0x0800f5e4       0x28 .pio/build/BIGTREE_TFT35_V3_0_RELEASE/src/src/User/API/UI/ListItem.o
                0x0800f5e4                setDynamicIntValue
 .text.DrawListItemPress
                0x0800f60c       0x60 .pio/build/BIGTREE_TFT35_V3_0_RELEASE/src/src/User/API/UI/ListItem.o
                0x0800f60c                DrawListItemPress
 .text.draw_itemtitle
                0x0800f66c       0x50 .pio/build/BIGTREE_TFT35_V3_0_RELEASE/src/src/User/API/UI/ListItem.o
                0x0800f66c                draw_itemtitle
 .text.ListItem_DisplayToggle
                0x0800f6bc       0x70 .pio/build/BIGTREE_TFT35_V3_0_RELEASE/src/src/User/API/UI/ListItem.o
                0x0800f6bc                ListItem_DisplayToggle
 .text.ListItem_DisplayCustomValue
                0x0800f72c       0x84 .pio/build/BIGTREE_TFT35_V3_0_RELEASE/src/src/User/API/UI/ListItem.o
                0x0800f72c                ListItem_DisplayCustomValue
 .text.ListItem_Display